/home/toolkit/PipelineRL-SWE/analysis/cost_headroom/decompose.py:76: RuntimeWarning: Mean of empty slice
  tr = idx["train"]; inp = np.nanmean(np.where(v, pt, np.nan), 2)
HEADROOM = cost saved at matched accuracy by PERFECT per-problem cost knowledge vs the paper rule; learned = the 4B-prefill head; capture = learned / headroom (test frontiers, band = accuracies all arms reach)
pool                                         band       headroom [95% CI]        learned [95% CI]  capture  reroute or/lrn
pool_v2_tensors_5rung [market]          54- 87%    46.0% [ 38.7, 51.1]    35.6% [ 27.1, 41.9]     0.77      50%/48%
pool_v2_tensors_5rung [market]          54- 87%    46.1% [ 38.8, 51.3]     1.3% [ -3.6,  4.8]     0.03      50%/46%
pool_v2_tensors_5rung [market]          54- 87%    46.0% [ 38.7, 51.1]    34.1% [ 24.7, 40.9]     0.74      50%/48%
omni500_tensors [market]                53- 73%    44.2% [ 31.8, 53.5]    21.9% [  8.9, 33.5]     0.49      74%/69%
omni500_tensors [market]                53- 73%    44.2% [ 31.8, 53.5]    -1.4% [ -6.2,  3.1]    -0.03      74%/49%
omni500_tensors [market]                53- 73%    44.2% [ 31.8, 53.4]    21.0% [  6.6, 33.7]     0.48      74%/68%
mmlupro_tensors [market]                58- 81%    65.1% [ 55.2, 71.2]    30.7% [ 16.3, 43.2]     0.47      54%/47%
mmlupro_tensors [market]                58- 81%    65.1% [ 55.2, 71.2]     1.2% [ -8.1, 10.4]     0.02      54%/44%
mmlupro_tensors [market]                58- 81%    65.1% [ 55.2, 71.2]     9.2% [ -2.2, 24.6]     0.14      54%/46%
cc_tensors [market]                     51- 83%    21.8% [ 13.7, 29.0]     2.0% [ -6.1,  9.0]     0.09      40%/28%
cc_tensors [market]                     51- 83%    21.8% [ 13.7, 29.0]    -2.5% [ -5.4, -0.1]    -0.12      40%/27%
cc_tensors [market]                     51- 83%    21.8% [ 13.7, 29.0]     5.3% [ -2.3, 12.0]     0.24      40%/29%

per route: acc, mean cost (c), p90/p10 per-problem cost, sd log cost, ICC (between-problem share), output share, head test R2
  pool_v2_tensors_5rung [market]
    oss20lo   acc  52.7%  0.0081c  p90/p10    7.4  sdlog 0.76  ICC 0.88  out  87%  R2 +0.56
    oss20md   acc  68.5%  0.0416c  p90/p10   32.1  sdlog 1.26  ICC 0.90  out  98%  R2 +0.49
    dsv4f     acc  88.4%  0.1446c  p90/p10   89.4  sdlog 1.67  ICC 0.89  out  98%  R2 +0.47
    oss120md  acc  81.5%  0.1495c  p90/p10   18.5  sdlog 1.06  ICC 0.95  out  94%  R2 +0.55
    oss120hi  acc  88.9%  0.8236c  p90/p10   39.8  sdlog 1.35  ICC 0.96  out  99%  R2 +0.48
  pool_v2_tensors_5rung [market]
    oss20lo   acc  52.7%  0.0081c  p90/p10    7.4  sdlog 0.76  ICC 0.88  out  87%  R2 +0.04
    oss20md   acc  68.5%  0.0416c  p90/p10   32.1  sdlog 1.26  ICC 0.90  out  98%  R2 +0.00
    dsv4f     acc  88.4%  0.1446c  p90/p10   89.4  sdlog 1.67  ICC 0.89  out  98%  R2 +0.00
    oss120md  acc  81.5%  0.1495c  p90/p10   18.5  sdlog 1.06  ICC 0.95  out  94%  R2 +0.01
    oss120hi  acc  88.9%  0.8236c  p90/p10   39.8  sdlog 1.35  ICC 0.96  out  99%  R2 -0.00
  pool_v2_tensors_5rung [market]
    oss20lo   acc  52.7%  0.0081c  p90/p10    7.4  sdlog 0.76  ICC 0.88  out  87%  R2 +0.52
    oss20md   acc  68.5%  0.0416c  p90/p10   32.1  sdlog 1.26  ICC 0.90  out  98%  R2 +0.32
    dsv4f     acc  88.4%  0.1446c  p90/p10   89.4  sdlog 1.67  ICC 0.89  out  98%  R2 +0.38
    oss120md  acc  81.5%  0.1495c  p90/p10   18.5  sdlog 1.06  ICC 0.95  out  94%  R2 +0.42
    oss120hi  acc  88.9%  0.8236c  p90/p10   39.8  sdlog 1.35  ICC 0.96  out  99%  R2 +0.44
  omni500_tensors [market]
    oss20lo   acc  46.1%  0.0140c  p90/p10    7.8  sdlog 0.80  ICC 0.88  out  98%  R2 +0.63
    oss20md   acc  61.5%  0.0781c  p90/p10   32.6  sdlog 1.30  ICC 0.92  out 100%  R2 +0.35
    dsv4f     acc  74.6%  0.1728c  p90/p10  110.6  sdlog 1.69  ICC 0.95  out 100%  R2 +0.51
    oss120md  acc  62.6%  0.2715c  p90/p10   20.4  sdlog 1.12  ICC 0.97  out  99%  R2 +0.35
    oss120hi  acc  69.3%  1.0318c  p90/p10   42.0  sdlog 1.42  ICC 0.97  out 100%  R2 +0.48
  omni500_tensors [market]
    oss20lo   acc  46.1%  0.0140c  p90/p10    7.8  sdlog 0.80  ICC 0.88  out  98%  R2 +0.01
    oss20md   acc  61.5%  0.0781c  p90/p10   32.6  sdlog 1.30  ICC 0.92  out 100%  R2 +0.00
    dsv4f     acc  74.6%  0.1728c  p90/p10  110.6  sdlog 1.69  ICC 0.95  out 100%  R2 +0.00
    oss120md  acc  62.6%  0.2715c  p90/p10   20.4  sdlog 1.12  ICC 0.97  out  99%  R2 +0.00
    oss120hi  acc  69.3%  1.0318c  p90/p10   42.0  sdlog 1.42  ICC 0.97  out 100%  R2 -0.00
  omni500_tensors [market]
    oss20lo   acc  46.1%  0.0140c  p90/p10    7.8  sdlog 0.80  ICC 0.88  out  98%  R2 +0.51
    oss20md   acc  61.5%  0.0781c  p90/p10   32.6  sdlog 1.30  ICC 0.92  out 100%  R2 +0.33
    dsv4f     acc  74.6%  0.1728c  p90/p10  110.6  sdlog 1.69  ICC 0.95  out 100%  R2 +0.46
    oss120md  acc  62.6%  0.2715c  p90/p10   20.4  sdlog 1.12  ICC 0.97  out  99%  R2 +0.29
    oss120hi  acc  69.3%  1.0318c  p90/p10   42.0  sdlog 1.42  ICC 0.97  out 100%  R2 +0.41
  mmlupro_tensors [market]
    oss20lo   acc  60.5%  0.0039c  p90/p10    6.0  sdlog 0.69  ICC 0.79  out  87%  R2 +0.45
    oss20md   acc  68.0%  0.0121c  p90/p10    8.8  sdlog 0.82  ICC 0.86  out  96%  R2 +0.50
    dsv4f     acc  82.9%  0.0435c  p90/p10   29.5  sdlog 1.30  ICC 0.89  out  97%  R2 +0.22
    oss120md  acc  75.0%  0.0575c  p90/p10    5.1  sdlog 0.68  ICC 0.94  out  93%  R2 +0.62
    oss120hi  acc  77.3%  0.2210c  p90/p10   12.0  sdlog 0.99  ICC 0.95  out  98%  R2 +0.43
  mmlupro_tensors [market]
    oss20lo   acc  60.5%  0.0039c  p90/p10    6.0  sdlog 0.69  ICC 0.79  out  87%  R2 +0.02
    oss20md   acc  68.0%  0.0121c  p90/p10    8.8  sdlog 0.82  ICC 0.86  out  96%  R2 +0.01
    dsv4f     acc  82.9%  0.0435c  p90/p10   29.5  sdlog 1.30  ICC 0.89  out  97%  R2 -0.00
    oss120md  acc  75.0%  0.0575c  p90/p10    5.1  sdlog 0.68  ICC 0.94  out  93%  R2 +0.02
    oss120hi  acc  77.3%  0.2210c  p90/p10   12.0  sdlog 0.99  ICC 0.95  out  98%  R2 +0.00
  mmlupro_tensors [market]
    oss20lo   acc  60.5%  0.0039c  p90/p10    6.0  sdlog 0.69  ICC 0.79  out  87%  R2 +0.14
    oss20md   acc  68.0%  0.0121c  p90/p10    8.8  sdlog 0.82  ICC 0.86  out  96%  R2 +0.16
    dsv4f     acc  82.9%  0.0435c  p90/p10   29.5  sdlog 1.30  ICC 0.89  out  97%  R2 +0.12
    oss120md  acc  75.0%  0.0575c  p90/p10    5.1  sdlog 0.68  ICC 0.94  out  93%  R2 +0.16
    oss120hi  acc  77.3%  0.2210c  p90/p10   12.0  sdlog 0.99  ICC 0.95  out  98%  R2 +0.23
  cc_tensors [market]
    oss20lo   acc  51.6%  0.0092c  p90/p10    4.3  sdlog 0.56  ICC 0.81  out  88%  R2 +0.41
    oss20md   acc  72.4%  0.0534c  p90/p10   15.3  sdlog 1.02  ICC 0.88  out  98%  R2 +0.21
    dsv4f     acc  84.2%  0.1653c  p90/p10   25.9  sdlog 1.21  ICC 0.85  out  98%  R2 +0.24
    oss120md  acc  79.2%  0.1961c  p90/p10   10.6  sdlog 0.85  ICC 0.94  out  95%  R2 +0.29
    oss120hi  acc  88.0%  1.0773c  p90/p10   13.7  sdlog 1.02  ICC 0.95  out  99%  R2 +0.27
  cc_tensors [market]
    oss20lo   acc  51.6%  0.0092c  p90/p10    4.3  sdlog 0.56  ICC 0.81  out  88%  R2 +0.03
    oss20md   acc  72.4%  0.0534c  p90/p10   15.3  sdlog 1.02  ICC 0.88  out  98%  R2 -0.01
    dsv4f     acc  84.2%  0.1653c  p90/p10   25.9  sdlog 1.21  ICC 0.85  out  98%  R2 -0.01
    oss120md  acc  79.2%  0.1961c  p90/p10   10.6  sdlog 0.85  ICC 0.94  out  95%  R2 -0.01
    oss120hi  acc  88.0%  1.0773c  p90/p10   13.7  sdlog 1.02  ICC 0.95  out  99%  R2 -0.02
  cc_tensors [market]
    oss20lo   acc  51.6%  0.0092c  p90/p10    4.3  sdlog 0.56  ICC 0.81  out  88%  R2 +0.34
    oss20md   acc  72.4%  0.0534c  p90/p10   15.3  sdlog 1.02  ICC 0.88  out  98%  R2 +0.14
    dsv4f     acc  84.2%  0.1653c  p90/p10   25.9  sdlog 1.21  ICC 0.85  out  98%  R2 +0.20
    oss120md  acc  79.2%  0.1961c  p90/p10   10.6  sdlog 0.85  ICC 0.94  out  95%  R2 +0.21
    oss120hi  acc  88.0%  1.0773c  p90/p10   13.7  sdlog 1.02  ICC 0.95  out  99%  R2 +0.25
