== pool_v2_tensors_5rung ['oss20lo', 'oss20md', 'dsv4f', 'oss120md', 'oss120hi']
   base           +0.74  +0.73  +0.78  +0.74  +0.77   mean +0.750
   curve25        +0.69  +0.70  +0.72  +0.70  +0.72   mean +0.707
   curve50        +0.73  +0.71  +0.76  +0.73  +0.75   mean +0.737
   curve75        +0.73  +0.71  +0.76  +0.72  +0.76   mean +0.737
   lowrank(k=1)   +0.73  +0.73  +0.77  +0.74  +0.77   mean +0.748
   knn(k=40)      +0.61  +0.59  +0.63  +0.60  +0.63   mean +0.614
   knn+ridge      +0.70  +0.69  +0.74  +0.70  +0.73   mean +0.712
   pooled         +0.73  +0.71  +0.78  +0.73  +0.77   mean +0.744
== cc_tensors ['oss20lo', 'oss20md', 'dsv4f', 'oss120md', 'oss120hi']
   base           +0.49  +0.39  +0.47  +0.47  +0.46   mean +0.458
   curve25        +0.28  +0.18  +0.30  +0.21  +0.22   mean +0.238
   curve50        +0.42  +0.34  +0.42  +0.40  +0.39   mean +0.393
   curve75        +0.49  +0.43  +0.48  +0.50  +0.47   mean +0.473
   lowrank(k=1)   +0.48  +0.39  +0.48  +0.48  +0.47   mean +0.457
   knn(k=20)      +0.30  +0.26  +0.28  +0.26  +0.26   mean +0.273
   knn+ridge      +0.43  +0.35  +0.43  +0.41  +0.40   mean +0.406
   pooled         +0.44  +0.36  +0.42  +0.46  +0.43   mean +0.420
== taco_tensors_ha ['scout', 'oss20', 'oss120']
   base           +0.42  +0.43  +0.52   mean +0.458
   curve25        +0.33  +0.36  +0.46   mean +0.384
   curve50        +0.36  +0.38  +0.52   mean +0.420
   curve75        +0.41  +0.44  +0.51   mean +0.452
   lowrank(k=3)   +0.42  +0.43  +0.52   mean +0.458
   knn(k=20)      +0.30  +0.29  +0.35   mean +0.316
   knn+ridge      +0.38  +0.41  +0.48   mean +0.424
== bcb_tensors_5r ['oss20lo', 'oss20md', 'dsv4f', 'oss120md', 'oss120hi']
   base           +0.69  +0.63  +0.37  +0.71  +0.49   mean +0.579
   curve25        +0.64  +0.51  +0.31  +0.61  +0.34   mean +0.483
   curve50        +0.65  +0.58  +0.33  +0.67  +0.49   mean +0.542
   curve75        +0.67  +0.61  +0.37  +0.70  +0.48   mean +0.565
   lowrank(k=3)   +0.69  +0.63  +0.37  +0.70  +0.49   mean +0.575
   knn(k=10)      +0.48  +0.41  +0.21  +0.48  +0.29   mean +0.375
   knn+ridge      +0.63  +0.57  +0.33  +0.64  +0.44   mean +0.522
   pooled         +0.53  +0.32  +0.26  +0.48  +0.38   mean +0.393
== omni500_tensors ['oss20lo', 'oss20md', 'dsv4f', 'oss120md', 'oss120hi']
   base           +0.81  +0.74  +0.73  +0.73  +0.74   mean +0.748
   curve25        +0.77  +0.64  +0.65  +0.64  +0.67   mean +0.676
   curve50        +0.81  +0.73  +0.72  +0.72  +0.72   mean +0.740
   curve75        +0.79  +0.73  +0.69  +0.72  +0.73   mean +0.733
   lowrank(k=2)   +0.81  +0.74  +0.73  +0.73  +0.74   mean +0.749
   knn(k=10)      +0.74  +0.66  +0.64  +0.65  +0.67   mean +0.671
   knn+ridge      +0.79  +0.72  +0.71  +0.71  +0.73   mean +0.730
   pooled         +0.79  +0.71  +0.73  +0.70  +0.75   mean +0.735
