/home/toolkit/PipelineRL-SWE/analysis/cost_headroom/decompose.py:73: RuntimeWarning: Mean of empty slice
  tr = idx["train"]; inp = np.nanmean(np.where(v, pt, np.nan), 2)
/home/toolkit/PipelineRL-SWE/analysis/cost_headroom/decompose.py:149: RuntimeWarning: divide by zero encountered in log
  lv = np.log(np.where(v[:, m], real[:, m], np.nan))
/home/toolkit/.conda/envs/pipeline-rl/lib/python3.11/site-packages/numpy/lib/nanfunctions.py:1741: RuntimeWarning: invalid value encountered in subtract
  np.subtract(arr, avg, out=arr, casting='unsafe', where=where)
/home/toolkit/PipelineRL-SWE/analysis/cost_headroom/decompose.py:156: RuntimeWarning: divide by zero encountered in log
  p90_p10=float(np.percentile(c, 90) / np.percentile(c, 10)), sd_log=float(np.log(c).std()),
/home/toolkit/.conda/envs/pipeline-rl/lib/python3.11/site-packages/numpy/core/_methods.py:173: RuntimeWarning: invalid value encountered in subtract
  x = asanyarray(arr - arrmean)
HEADROOM = cost saved at matched accuracy by PERFECT per-problem cost knowledge vs the paper rule; learned = the 4B-prefill head; capture = learned / headroom (test frontiers, band = accuracies all arms reach)
pool                                         band       headroom [95% CI]        learned [95% CI]  capture  reroute or/lrn
pool_v2_tensors_5rung                   54- 87%    38.5% [ 31.7, 43.7]    28.5% [ 21.1, 34.4]     0.74      44%/34%
pool_v2_tensors_nodsv4f                 54- 85%    30.9% [ 23.0, 37.2]    23.8% [ 17.9, 29.9]     0.77      35%/38%
bcb_tensors_5r                          46- 51%    26.2% [ 10.7, 34.9]    -8.2% [-22.3, 11.1]    -0.31      17%/29%
bcb_tensors_nodsv4f                     46- 51%     9.9% [ -3.4, 21.4]     8.6% [ -1.3, 22.0]     0.87      16%/19%
cc_tensors                              51- 83%    24.8% [ 16.5, 34.1]    -5.0% [-14.8,  6.5]    -0.20      52%/40%
pool_v2_tensors_5rung [market]          55- 87%    47.3% [ 39.7, 52.9]    34.4% [ 25.6, 40.0]     0.73      50%/52%
pool_v2_tensors_nodsv4f [market]        54- 86%    30.8% [ 23.3, 36.4]    18.7% [ 12.4, 23.6]     0.61      47%/42%
bcb_tensors_5r [market]                 46- 51%    20.2% [  9.9, 29.8]    -4.3% [-26.5, 15.5]    -0.21      16%/24%
bcb_tensors_nodsv4f [market]            46- 51%     6.7% [ -6.2, 17.3]     6.8% [ -4.1, 18.9]     1.02      16%/20%
cc_tensors [market]                     51- 83%    21.8% [ 13.5, 29.1]     0.7% [ -9.5,  8.2]     0.03      40%/31%
taco_tensors_ha [market]                29- 46%    36.1% [ 24.9, 46.0]     0.1% [ -7.5,  9.0]     0.00      32%/35%
swesmith_reason_tensors [market]        22- 31%    14.2% [ -2.1, 29.6]     7.5% [ -5.5, 20.0]     0.53       9%/20%

CAPTURE CURVE: gain vs paper rule of a calibrated synthetic head at log-output R2 = rho^2 (test dollar R2: mean over routes / weighted by oracle usage); 'learned' = the real 4B head
  pool_v2_tensors_5rung  (headroom 38.5%)
    rho=0.00  gain   -0.4%   dollar R2 +0.07 / usage-weighted +0.20
    rho=0.30  gain   -0.1%   dollar R2 +0.11 / usage-weighted +0.24
    rho=0.50  gain    5.2%   dollar R2 +0.17 / usage-weighted +0.28
    rho=0.60  gain    8.8%   dollar R2 +0.19 / usage-weighted +0.30
    rho=0.70  gain   13.6%   dollar R2 +0.22 / usage-weighted +0.33
    rho=0.80  gain   20.0%   dollar R2 +0.30 / usage-weighted +0.41
    rho=0.90  gain   28.5%   dollar R2 +0.53 / usage-weighted +0.61
    rho=0.95  gain   33.0%   dollar R2 +0.73 / usage-weighted +0.78
    rho=1.00  gain   38.5%   dollar R2 +1.00 / usage-weighted +1.00
    learned   gain   28.5%   dollar R2 +0.51 / usage-weighted +0.62
  pool_v2_tensors_nodsv4f  (headroom 30.9%)
    rho=0.00  gain    4.1%   dollar R2 +0.08 / usage-weighted +0.20
    rho=0.30  gain    4.7%   dollar R2 +0.13 / usage-weighted +0.25
    rho=0.50  gain    6.5%   dollar R2 +0.23 / usage-weighted +0.34
    rho=0.60  gain    9.2%   dollar R2 +0.28 / usage-weighted +0.40
    rho=0.70  gain   13.0%   dollar R2 +0.35 / usage-weighted +0.46
    rho=0.80  gain   18.0%   dollar R2 +0.45 / usage-weighted +0.56
    rho=0.90  gain   23.8%   dollar R2 +0.63 / usage-weighted +0.72
    rho=0.95  gain   27.2%   dollar R2 +0.79 / usage-weighted +0.84
    rho=1.00  gain   30.9%   dollar R2 +1.00 / usage-weighted +1.00
    learned   gain   23.8%   dollar R2 +0.52 / usage-weighted +0.61
  bcb_tensors_5r  (headroom 26.2%)
    rho=0.00  gain  -13.1%   dollar R2 +0.19 / usage-weighted +0.31
    rho=0.30  gain   -9.4%   dollar R2 +0.25 / usage-weighted +0.35
    rho=0.50  gain   -8.0%   dollar R2 +0.36 / usage-weighted +0.44
    rho=0.60  gain   -1.8%   dollar R2 +0.45 / usage-weighted +0.51
    rho=0.70  gain    3.3%   dollar R2 +0.55 / usage-weighted +0.60
    rho=0.80  gain    8.7%   dollar R2 +0.68 / usage-weighted +0.71
    rho=0.90  gain   12.8%   dollar R2 +0.83 / usage-weighted +0.84
    rho=0.95  gain   17.6%   dollar R2 +0.91 / usage-weighted +0.91
    rho=1.00  gain   26.2%   dollar R2 +1.00 / usage-weighted +1.00
    learned   gain   -8.2%   dollar R2 +0.47 / usage-weighted +0.52
  bcb_tensors_nodsv4f  (headroom 9.9%)
    rho=0.00  gain   -0.0%   dollar R2 +0.24 / usage-weighted +0.31
    rho=0.30  gain    2.7%   dollar R2 +0.30 / usage-weighted +0.37
    rho=0.50  gain    3.4%   dollar R2 +0.41 / usage-weighted +0.47
    rho=0.60  gain    7.3%   dollar R2 +0.49 / usage-weighted +0.54
    rho=0.70  gain    8.1%   dollar R2 +0.59 / usage-weighted +0.62
    rho=0.80  gain    7.9%   dollar R2 +0.70 / usage-weighted +0.73
    rho=0.90  gain   11.1%   dollar R2 +0.84 / usage-weighted +0.85
    rho=0.95  gain   11.7%   dollar R2 +0.92 / usage-weighted +0.92
    rho=1.00  gain    9.9%   dollar R2 +1.00 / usage-weighted +1.00
    learned   gain    8.6%   dollar R2 +0.58 / usage-weighted +0.64
  cc_tensors  (headroom 24.8%)
    rho=0.00  gain   -2.0%   dollar R2 +0.04 / usage-weighted +0.15
    rho=0.30  gain   -4.1%   dollar R2 +0.11 / usage-weighted +0.19
    rho=0.50  gain   -3.9%   dollar R2 +0.21 / usage-weighted +0.25
    rho=0.60  gain   -2.7%   dollar R2 +0.27 / usage-weighted +0.29
    rho=0.70  gain    1.7%   dollar R2 +0.34 / usage-weighted +0.34
    rho=0.80  gain    5.5%   dollar R2 +0.46 / usage-weighted +0.44
    rho=0.90  gain   13.9%   dollar R2 +0.65 / usage-weighted +0.65
    rho=0.95  gain   19.1%   dollar R2 +0.81 / usage-weighted +0.80
    rho=1.00  gain   24.8%   dollar R2 +1.00 / usage-weighted +1.00
    learned   gain   -5.0%   dollar R2 +0.29 / usage-weighted +0.44
  pool_v2_tensors_5rung [market]  (headroom 47.3%)
    rho=0.00  gain    1.1%   dollar R2 +0.01 / usage-weighted +0.03
    rho=0.30  gain   -1.3%   dollar R2 +0.06 / usage-weighted +0.09
    rho=0.50  gain    4.0%   dollar R2 +0.12 / usage-weighted +0.17
    rho=0.60  gain    8.9%   dollar R2 +0.14 / usage-weighted +0.20
    rho=0.70  gain   15.4%   dollar R2 +0.18 / usage-weighted +0.25
    rho=0.80  gain   23.9%   dollar R2 +0.27 / usage-weighted +0.36
    rho=0.90  gain   34.0%   dollar R2 +0.51 / usage-weighted +0.58
    rho=0.95  gain   39.6%   dollar R2 +0.72 / usage-weighted +0.76
    rho=1.00  gain   47.3%   dollar R2 +1.00 / usage-weighted +1.00
    learned   gain   34.4%   dollar R2 +0.48 / usage-weighted +0.54
  pool_v2_tensors_nodsv4f [market]  (headroom 30.8%)
    rho=0.00  gain   -2.1%   dollar R2 +0.01 / usage-weighted +0.02
    rho=0.30  gain   -1.3%   dollar R2 +0.07 / usage-weighted +0.09
    rho=0.50  gain    2.3%   dollar R2 +0.17 / usage-weighted +0.19
    rho=0.60  gain    5.4%   dollar R2 +0.23 / usage-weighted +0.25
    rho=0.70  gain    9.5%   dollar R2 +0.30 / usage-weighted +0.32
    rho=0.80  gain   15.1%   dollar R2 +0.41 / usage-weighted +0.42
    rho=0.90  gain   22.1%   dollar R2 +0.61 / usage-weighted +0.62
    rho=0.95  gain   26.1%   dollar R2 +0.77 / usage-weighted +0.78
    rho=1.00  gain   30.8%   dollar R2 +1.00 / usage-weighted +1.00
    learned   gain   18.7%   dollar R2 +0.48 / usage-weighted +0.50
  bcb_tensors_5r [market]  (headroom 20.2%)
    rho=0.00  gain   -9.7%   dollar R2 +0.04 / usage-weighted +0.05
    rho=0.30  gain  -11.1%   dollar R2 +0.11 / usage-weighted +0.12
    rho=0.50  gain   -4.7%   dollar R2 +0.24 / usage-weighted +0.25
    rho=0.60  gain   -0.9%   dollar R2 +0.34 / usage-weighted +0.34
    rho=0.70  gain    4.8%   dollar R2 +0.47 / usage-weighted +0.46
    rho=0.80  gain    9.0%   dollar R2 +0.62 / usage-weighted +0.61
    rho=0.90  gain   12.8%   dollar R2 +0.79 / usage-weighted +0.78
    rho=0.95  gain   17.6%   dollar R2 +0.89 / usage-weighted +0.89
    rho=1.00  gain   20.2%   dollar R2 +1.00 / usage-weighted +1.00
    learned   gain   -4.3%   dollar R2 +0.43 / usage-weighted +0.49
  bcb_tensors_nodsv4f [market]  (headroom 6.7%)
    rho=0.00  gain    0.5%   dollar R2 +0.05 / usage-weighted +0.06
    rho=0.30  gain    1.0%   dollar R2 +0.13 / usage-weighted +0.13
    rho=0.50  gain    0.9%   dollar R2 +0.27 / usage-weighted +0.27
    rho=0.60  gain    1.4%   dollar R2 +0.36 / usage-weighted +0.37
    rho=0.70  gain    2.0%   dollar R2 +0.48 / usage-weighted +0.48
    rho=0.80  gain    4.8%   dollar R2 +0.63 / usage-weighted +0.63
    rho=0.90  gain    5.5%   dollar R2 +0.80 / usage-weighted +0.80
    rho=0.95  gain    7.8%   dollar R2 +0.90 / usage-weighted +0.90
    rho=1.00  gain    6.7%   dollar R2 +1.00 / usage-weighted +1.00
    learned   gain    6.8%   dollar R2 +0.52 / usage-weighted +0.56
  cc_tensors [market]  (headroom 21.8%)
    rho=0.00  gain   -2.4%   dollar R2 -0.00 / usage-weighted +0.00
    rho=0.30  gain   -2.4%   dollar R2 +0.07 / usage-weighted +0.07
    rho=0.50  gain   -1.8%   dollar R2 +0.17 / usage-weighted +0.18
    rho=0.60  gain    1.7%   dollar R2 +0.24 / usage-weighted +0.26
    rho=0.70  gain    6.5%   dollar R2 +0.32 / usage-weighted +0.35
    rho=0.80  gain   11.2%   dollar R2 +0.44 / usage-weighted +0.48
    rho=0.90  gain   17.4%   dollar R2 +0.64 / usage-weighted +0.68
    rho=0.95  gain   19.2%   dollar R2 +0.80 / usage-weighted +0.83
    rho=1.00  gain   21.8%   dollar R2 +1.00 / usage-weighted +1.00
    learned   gain    0.7%   dollar R2 +0.27 / usage-weighted +0.28
  taco_tensors_ha [market]  (headroom 36.1%)
    rho=0.00  gain   -0.9%   dollar R2 -0.00 / usage-weighted -0.00
    rho=0.30  gain   -0.5%   dollar R2 +0.04 / usage-weighted +0.05
    rho=0.50  gain    2.4%   dollar R2 +0.08 / usage-weighted +0.08
    rho=0.60  gain    4.4%   dollar R2 +0.10 / usage-weighted +0.09
    rho=0.70  gain    8.5%   dollar R2 +0.14 / usage-weighted +0.10
    rho=0.80  gain   12.8%   dollar R2 +0.24 / usage-weighted +0.19
    rho=0.90  gain   19.4%   dollar R2 +0.50 / usage-weighted +0.45
    rho=0.95  gain   24.4%   dollar R2 +0.72 / usage-weighted +0.69
    rho=1.00  gain   36.1%   dollar R2 +1.00 / usage-weighted +1.00
    learned   gain    0.1%   dollar R2 +0.24 / usage-weighted +0.21
  swesmith_reason_tensors [market]  (headroom 14.2%)
    rho=0.00  gain    0.2%   dollar R2 +0.35 / usage-weighted +0.59
    rho=0.30  gain   -1.2%   dollar R2 +0.22 / usage-weighted +0.49
    rho=0.50  gain   -0.2%   dollar R2 -0.06 / usage-weighted +0.21
    rho=0.60  gain    2.7%   dollar R2 -0.22 / usage-weighted +0.04
    rho=0.70  gain    5.7%   dollar R2 -0.29 / usage-weighted -0.05
    rho=0.80  gain    9.2%   dollar R2 -0.16 / usage-weighted +0.05
    rho=0.90  gain   12.3%   dollar R2 +0.28 / usage-weighted +0.42
    rho=0.95  gain   14.8%   dollar R2 +0.61 / usage-weighted +0.69
    rho=1.00  gain   14.2%   dollar R2 +1.00 / usage-weighted +1.00
    learned   gain    7.5%   dollar R2 +0.39 / usage-weighted +0.61

per route: acc, mean cost (c), p90/p10 per-problem cost, sd log cost, ICC (between-problem share), output share, head test R2
  pool_v2_tensors_5rung
    oss20lo   acc  52.7%  0.0162c  p90/p10    4.4  sdlog 0.55  ICC 0.89  out  58%  R2 +0.66
    oss20md   acc  68.5%  0.2894c  p90/p10   18.6  sdlog 1.07  ICC 0.90  out  89%  R2 +0.48
    dsv4f     acc  88.4%  0.1736c  p90/p10   63.8  sdlog 1.56  ICC 0.88  out  97%  R2 +0.46
    oss120md  acc  81.5%  0.4178c  p90/p10   11.1  sdlog 0.87  ICC 0.95  out  80%  R2 +0.48
    oss120hi  acc  88.9%  2.0244c  p90/p10   28.8  sdlog 1.25  ICC 0.96  out  96%  R2 +0.47
  pool_v2_tensors_nodsv4f
    oss20lo   acc  52.7%  0.0162c  p90/p10    4.4  sdlog 0.55  ICC 0.89  out  58%  R2 +0.66
    oss20md   acc  68.5%  0.2894c  p90/p10   18.6  sdlog 1.07  ICC 0.90  out  89%  R2 +0.48
    oss120md  acc  81.5%  0.4178c  p90/p10   11.1  sdlog 0.87  ICC 0.95  out  80%  R2 +0.48
    oss120hi  acc  88.9%  2.0244c  p90/p10   28.8  sdlog 1.25  ICC 0.96  out  96%  R2 +0.47
  bcb_tensors_5r
    oss20lo   acc  44.7%  0.0077c  p90/p10    1.9  sdlog 0.25  ICC 0.78  out  60%  R2 +0.77
    oss20md   acc  48.0%  0.0636c  p90/p10    2.2  sdlog 0.31  ICC 0.73  out  77%  R2 +0.64
    dsv4f     acc  51.0%  0.0258c  p90/p10    6.8  sdlog 0.78  ICC 0.58  out  91%  R2 +0.04
    oss120md  acc  51.0%  0.1349c  p90/p10    2.1  sdlog 0.28  ICC 0.89  out  73%  R2 +0.74
    oss120hi  acc  51.4%  0.3988c  p90/p10    3.0  sdlog 0.47  ICC 0.81  out  91%  R2 +0.16
  bcb_tensors_nodsv4f
    oss20lo   acc  44.7%  0.0077c  p90/p10    1.9  sdlog 0.25  ICC 0.78  out  60%  R2 +0.77
    oss20md   acc  48.0%  0.0636c  p90/p10    2.2  sdlog 0.31  ICC 0.73  out  77%  R2 +0.64
    oss120md  acc  51.0%  0.1349c  p90/p10    2.1  sdlog 0.28  ICC 0.89  out  73%  R2 +0.74
    oss120hi  acc  51.4%  0.3988c  p90/p10    3.0  sdlog 0.47  ICC 0.81  out  91%  R2 +0.16
  cc_tensors
    oss20lo   acc  51.6%  0.0183c  p90/p10    2.8  sdlog 0.40  ICC 0.82  out  59%  R2 +0.52
    oss20md   acc  72.4%  0.3669c  p90/p10   11.0  sdlog 0.89  ICC 0.87  out  90%  R2 +0.18
    dsv4f     acc  84.2%  0.1983c  p90/p10   22.2  sdlog 1.15  ICC 0.85  out  97%  R2 +0.24
    oss120md  acc  79.2%  0.5348c  p90/p10    7.1  sdlog 0.72  ICC 0.94  out  83%  R2 +0.28
    oss120hi  acc  88.0%  2.6351c  p90/p10   12.4  sdlog 0.97  ICC 0.95  out  97%  R2 +0.22
  pool_v2_tensors_5rung [market]
    oss20lo   acc  52.7%  0.0081c  p90/p10    7.4  sdlog 0.76  ICC 0.88  out  87%  R2 +0.56
    oss20md   acc  68.5%  0.0416c  p90/p10   32.1  sdlog 1.26  ICC 0.90  out  98%  R2 +0.45
    dsv4f     acc  88.4%  0.1446c  p90/p10   89.4  sdlog 1.67  ICC 0.89  out  98%  R2 +0.51
    oss120md  acc  81.5%  0.1495c  p90/p10   18.5  sdlog 1.06  ICC 0.95  out  94%  R2 +0.44
    oss120hi  acc  88.9%  0.8236c  p90/p10   39.8  sdlog 1.35  ICC 0.96  out  99%  R2 +0.46
  pool_v2_tensors_nodsv4f [market]
    oss20lo   acc  52.7%  0.0081c  p90/p10    7.4  sdlog 0.76  ICC 0.88  out  87%  R2 +0.56
    oss20md   acc  68.5%  0.0416c  p90/p10   32.1  sdlog 1.26  ICC 0.90  out  98%  R2 +0.45
    oss120md  acc  81.5%  0.1495c  p90/p10   18.5  sdlog 1.06  ICC 0.95  out  94%  R2 +0.44
    oss120hi  acc  88.9%  0.8236c  p90/p10   39.8  sdlog 1.35  ICC 0.96  out  99%  R2 +0.46
  bcb_tensors_5r [market]
    oss20lo   acc  44.7%  0.0039c  p90/p10    2.1  sdlog 0.30  ICC 0.70  out  88%  R2 +0.69
    oss20md   acc  48.0%  0.0082c  p90/p10    2.5  sdlog 0.35  ICC 0.70  out  94%  R2 +0.59
    dsv4f     acc  51.0%  0.0209c  p90/p10    7.5  sdlog 0.82  ICC 0.59  out  95%  R2 +0.04
    oss120md  acc  51.0%  0.0450c  p90/p10    2.3  sdlog 0.32  ICC 0.87  out  91%  R2 +0.69
    oss120hi  acc  51.4%  0.1557c  p90/p10    3.3  sdlog 0.51  ICC 0.81  out  98%  R2 +0.13
  bcb_tensors_nodsv4f [market]
    oss20lo   acc  44.7%  0.0039c  p90/p10    2.1  sdlog 0.30  ICC 0.70  out  88%  R2 +0.69
    oss20md   acc  48.0%  0.0082c  p90/p10    2.5  sdlog 0.35  ICC 0.70  out  94%  R2 +0.59
    oss120md  acc  51.0%  0.0450c  p90/p10    2.3  sdlog 0.32  ICC 0.87  out  91%  R2 +0.69
    oss120hi  acc  51.4%  0.1557c  p90/p10    3.3  sdlog 0.51  ICC 0.81  out  98%  R2 +0.13
  cc_tensors [market]
    oss20lo   acc  51.6%  0.0092c  p90/p10    4.3  sdlog 0.56  ICC 0.81  out  88%  R2 +0.39
    oss20md   acc  72.4%  0.0534c  p90/p10   15.3  sdlog 1.02  ICC 0.88  out  98%  R2 +0.22
    dsv4f     acc  84.2%  0.1653c  p90/p10   25.9  sdlog 1.21  ICC 0.85  out  98%  R2 +0.24
    oss120md  acc  79.2%  0.1961c  p90/p10   10.6  sdlog 0.85  ICC 0.94  out  95%  R2 +0.27
    oss120hi  acc  88.0%  1.0773c  p90/p10   13.7  sdlog 1.02  ICC 0.95  out  99%  R2 +0.22
  taco_tensors_ha [market]
    scout     acc  16.3%  0.0481c  p90/p10   48.0  sdlog 1.50  ICC 0.81  out  98%  R2 +0.14
    oss20     acc  37.3%  0.0731c  p90/p10   23.9  sdlog 1.17  ICC 0.86  out  98%  R2 +0.22
    oss120    acc  46.1%  0.2521c  p90/p10    9.6  sdlog 0.87  ICC 0.91  out  96%  R2 +0.35
  swesmith_reason_tensors [market]
    oss20lo   acc  23.2%  0.0119c  p90/p10    7.4  sdlog nan  ICC nan  out  35%  R2 +0.85
    oss20md   acc  25.6%  0.0253c  p90/p10    9.3  sdlog nan  ICC nan  out  69%  R2 -0.03
    dsv4f     acc  33.6%  0.1224c  p90/p10   14.0  sdlog nan  ICC nan  out  77%  R2 +0.10
    oss120md  acc  33.6%  0.1498c  p90/p10    4.4  sdlog nan  ICC nan  out  50%  R2 +0.69
    oss120hi  acc  35.6%  0.4165c  p90/p10    7.6  sdlog nan  ICC nan  out  82%  R2 +0.31
DONE
