/home/toolkit/PipelineRL-SWE/analysis/cost_headroom/decompose.py:76: RuntimeWarning: Mean of empty slice
  tr = idx["train"]; inp = np.nanmean(np.where(v, pt, np.nan), 2)
HEADROOM = cost saved at matched accuracy by PERFECT per-problem cost knowledge vs the paper rule; learned = the 4B-prefill head; capture = learned / headroom (test frontiers, band = accuracies all arms reach)
pool                                         band       headroom [95% CI]        learned [95% CI]  capture  reroute or/lrn
cc_tensors [market]                     51- 83%    21.8% [ 13.5, 29.1]     0.7% [ -9.5,  8.2]     0.03      40%/31%
cc_tensors [market]                     51- 83%    21.8% [ 13.7, 29.0]    -0.1% [-12.9,  8.8]    -0.01      40%/37%
cc_tensors [market]                     51- 83%    21.8% [ 13.7, 29.0]     2.0% [ -6.1,  9.0]     0.09      40%/28%
cc_tensors [market]                     51- 83%    21.8% [ 13.7, 29.0]     2.7% [ -8.9, 11.2]     0.12      40%/37%
pool_v2_tensors_5rung [market]          55- 87%    47.3% [ 39.7, 52.9]    34.4% [ 25.6, 40.0]     0.73      50%/52%
pool_v2_tensors_5rung [market]          54- 87%    46.0% [ 38.7, 51.1]    34.0% [ 25.4, 40.2]     0.74      50%/50%
pool_v2_tensors_5rung [market]          54- 87%    46.0% [ 38.7, 51.1]    35.6% [ 27.1, 41.9]     0.77      50%/48%
pool_v2_tensors_5rung [market]          54- 87%    46.0% [ 38.7, 51.1]    33.2% [ 24.5, 39.2]     0.72      50%/50%
taco_tensors_ha [market]                29- 46%    36.1% [ 24.9, 46.0]     0.1% [ -7.5,  9.0]     0.00      32%/35%
taco_tensors_ha [market]                29- 46%    36.1% [ 25.2, 46.0]     3.2% [ -7.0, 14.2]     0.09      32%/31%
taco_tensors_ha [market]                29- 46%    36.1% [ 24.3, 46.0]     2.1% [ -7.8, 12.6]     0.06      32%/26%
taco_tensors_ha [market]                29- 46%    36.1% [ 25.2, 46.1]     3.1% [ -7.2, 14.6]     0.08      32%/28%
bcb_tensors_5r [market]                 46- 51%    20.2% [  9.9, 29.8]    -4.3% [-26.5, 15.5]    -0.21      16%/24%
bcb_tensors_5r [market]                 46- 51%    20.6% [  9.9, 29.9]    -5.2% [-28.5, 14.0]    -0.25      15%/20%
bcb_tensors_5r [market]                 46- 51%    20.2% [ 10.1, 29.8]    -3.3% [-15.3, 11.4]    -0.17      16%/20%
bcb_tensors_5r [market]                 46- 51%    20.6% [  9.9, 29.9]    -2.5% [-18.1, 14.9]    -0.12      15%/18%
cc_tensors [market]                     51- 83%    21.8% [ 13.7, 29.1]     6.2% [ -2.8, 12.7]     0.28      40%/30%
cc_tensors [market]                     51- 83%    21.8% [ 13.6, 29.3]    -1.2% [-13.0,  7.0]    -0.05      40%/37%
cc_tensors [market] +overhead 0.0084c    51- 83%    21.8% [ 13.7, 29.1]    -2.3% [-11.6,  5.1]    -0.10      40%/30%
cc_tensors [market] +overhead 0.0084c    51- 83%    21.8% [ 13.6, 29.3]    -9.6% [-22.5, -0.8]    -0.44      40%/37%

per route: acc, mean cost (c), p90/p10 per-problem cost, sd log cost, ICC (between-problem share), output share, head test R2
  cc_tensors [market]
    oss20lo   acc  51.6%  0.0092c  p90/p10    4.3  sdlog 0.56  ICC 0.81  out  88%  R2 +0.39
    oss20md   acc  72.4%  0.0534c  p90/p10   15.3  sdlog 1.02  ICC 0.88  out  98%  R2 +0.22
    dsv4f     acc  84.2%  0.1653c  p90/p10   25.9  sdlog 1.21  ICC 0.85  out  98%  R2 +0.24
    oss120md  acc  79.2%  0.1961c  p90/p10   10.6  sdlog 0.85  ICC 0.94  out  95%  R2 +0.27
    oss120hi  acc  88.0%  1.0773c  p90/p10   13.7  sdlog 1.02  ICC 0.95  out  99%  R2 +0.22
  cc_tensors [market]
    oss20lo   acc  51.6%  0.0092c  p90/p10    4.3  sdlog 0.56  ICC 0.81  out  88%  R2 +0.28
    oss20md   acc  72.4%  0.0534c  p90/p10   15.3  sdlog 1.02  ICC 0.88  out  98%  R2 +0.20
    dsv4f     acc  84.2%  0.1653c  p90/p10   25.9  sdlog 1.21  ICC 0.85  out  98%  R2 +0.15
    oss120md  acc  79.2%  0.1961c  p90/p10   10.6  sdlog 0.85  ICC 0.94  out  95%  R2 +0.06
    oss120hi  acc  88.0%  1.0773c  p90/p10   13.7  sdlog 1.02  ICC 0.95  out  99%  R2 +0.12
  cc_tensors [market]
    oss20lo   acc  51.6%  0.0092c  p90/p10    4.3  sdlog 0.56  ICC 0.81  out  88%  R2 +0.41
    oss20md   acc  72.4%  0.0534c  p90/p10   15.3  sdlog 1.02  ICC 0.88  out  98%  R2 +0.21
    dsv4f     acc  84.2%  0.1653c  p90/p10   25.9  sdlog 1.21  ICC 0.85  out  98%  R2 +0.24
    oss120md  acc  79.2%  0.1961c  p90/p10   10.6  sdlog 0.85  ICC 0.94  out  95%  R2 +0.29
    oss120hi  acc  88.0%  1.0773c  p90/p10   13.7  sdlog 1.02  ICC 0.95  out  99%  R2 +0.27
  cc_tensors [market]
    oss20lo   acc  51.6%  0.0092c  p90/p10    4.3  sdlog 0.56  ICC 0.81  out  88%  R2 +0.32
    oss20md   acc  72.4%  0.0534c  p90/p10   15.3  sdlog 1.02  ICC 0.88  out  98%  R2 +0.20
    dsv4f     acc  84.2%  0.1653c  p90/p10   25.9  sdlog 1.21  ICC 0.85  out  98%  R2 +0.20
    oss120md  acc  79.2%  0.1961c  p90/p10   10.6  sdlog 0.85  ICC 0.94  out  95%  R2 +0.16
    oss120hi  acc  88.0%  1.0773c  p90/p10   13.7  sdlog 1.02  ICC 0.95  out  99%  R2 +0.26
  pool_v2_tensors_5rung [market]
    oss20lo   acc  52.7%  0.0081c  p90/p10    7.4  sdlog 0.76  ICC 0.88  out  87%  R2 +0.56
    oss20md   acc  68.5%  0.0416c  p90/p10   32.1  sdlog 1.26  ICC 0.90  out  98%  R2 +0.45
    dsv4f     acc  88.4%  0.1446c  p90/p10   89.4  sdlog 1.67  ICC 0.89  out  98%  R2 +0.51
    oss120md  acc  81.5%  0.1495c  p90/p10   18.5  sdlog 1.06  ICC 0.95  out  94%  R2 +0.44
    oss120hi  acc  88.9%  0.8236c  p90/p10   39.8  sdlog 1.35  ICC 0.96  out  99%  R2 +0.46
  pool_v2_tensors_5rung [market]
    oss20lo   acc  52.7%  0.0081c  p90/p10    7.4  sdlog 0.76  ICC 0.88  out  87%  R2 +0.57
    oss20md   acc  68.5%  0.0416c  p90/p10   32.1  sdlog 1.26  ICC 0.90  out  98%  R2 +0.46
    dsv4f     acc  88.4%  0.1446c  p90/p10   89.4  sdlog 1.67  ICC 0.89  out  98%  R2 +0.53
    oss120md  acc  81.5%  0.1495c  p90/p10   18.5  sdlog 1.06  ICC 0.95  out  94%  R2 +0.42
    oss120hi  acc  88.9%  0.8236c  p90/p10   39.8  sdlog 1.35  ICC 0.96  out  99%  R2 +0.44
  pool_v2_tensors_5rung [market]
    oss20lo   acc  52.7%  0.0081c  p90/p10    7.4  sdlog 0.76  ICC 0.88  out  87%  R2 +0.56
    oss20md   acc  68.5%  0.0416c  p90/p10   32.1  sdlog 1.26  ICC 0.90  out  98%  R2 +0.49
    dsv4f     acc  88.4%  0.1446c  p90/p10   89.4  sdlog 1.67  ICC 0.89  out  98%  R2 +0.47
    oss120md  acc  81.5%  0.1495c  p90/p10   18.5  sdlog 1.06  ICC 0.95  out  94%  R2 +0.55
    oss120hi  acc  88.9%  0.8236c  p90/p10   39.8  sdlog 1.35  ICC 0.96  out  99%  R2 +0.48
  pool_v2_tensors_5rung [market]
    oss20lo   acc  52.7%  0.0081c  p90/p10    7.4  sdlog 0.76  ICC 0.88  out  87%  R2 +0.56
    oss20md   acc  68.5%  0.0416c  p90/p10   32.1  sdlog 1.26  ICC 0.90  out  98%  R2 +0.45
    dsv4f     acc  88.4%  0.1446c  p90/p10   89.4  sdlog 1.67  ICC 0.89  out  98%  R2 +0.47
    oss120md  acc  81.5%  0.1495c  p90/p10   18.5  sdlog 1.06  ICC 0.95  out  94%  R2 +0.42
    oss120hi  acc  88.9%  0.8236c  p90/p10   39.8  sdlog 1.35  ICC 0.96  out  99%  R2 +0.43
  taco_tensors_ha [market]
    scout     acc  16.3%  0.0481c  p90/p10   48.0  sdlog 1.50  ICC 0.81  out  98%  R2 +0.14
    oss20     acc  37.3%  0.0731c  p90/p10   23.9  sdlog 1.17  ICC 0.86  out  98%  R2 +0.22
    oss120    acc  46.1%  0.2521c  p90/p10    9.6  sdlog 0.87  ICC 0.91  out  96%  R2 +0.35
  taco_tensors_ha [market]
    scout     acc  16.3%  0.0481c  p90/p10   48.0  sdlog 1.50  ICC 0.81  out  98%  R2 +0.15
    oss20     acc  37.3%  0.0731c  p90/p10   23.9  sdlog 1.17  ICC 0.86  out  98%  R2 +0.22
    oss120    acc  46.1%  0.2521c  p90/p10    9.6  sdlog 0.87  ICC 0.91  out  96%  R2 +0.25
  taco_tensors_ha [market]
    scout     acc  16.3%  0.0481c  p90/p10   48.0  sdlog 1.50  ICC 0.81  out  98%  R2 +0.12
    oss20     acc  37.3%  0.0731c  p90/p10   23.9  sdlog 1.17  ICC 0.86  out  98%  R2 +0.28
    oss120    acc  46.1%  0.2521c  p90/p10    9.6  sdlog 0.87  ICC 0.91  out  96%  R2 +0.43
  taco_tensors_ha [market]
    scout     acc  16.3%  0.0481c  p90/p10   48.0  sdlog 1.50  ICC 0.81  out  98%  R2 +0.16
    oss20     acc  37.3%  0.0731c  p90/p10   23.9  sdlog 1.17  ICC 0.86  out  98%  R2 +0.27
    oss120    acc  46.1%  0.2521c  p90/p10    9.6  sdlog 0.87  ICC 0.91  out  96%  R2 +0.38
  bcb_tensors_5r [market]
    oss20lo   acc  44.7%  0.0039c  p90/p10    2.1  sdlog 0.30  ICC 0.70  out  88%  R2 +0.69
    oss20md   acc  48.0%  0.0082c  p90/p10    2.5  sdlog 0.35  ICC 0.70  out  94%  R2 +0.59
    dsv4f     acc  51.0%  0.0209c  p90/p10    7.5  sdlog 0.82  ICC 0.59  out  95%  R2 +0.04
    oss120md  acc  51.0%  0.0450c  p90/p10    2.3  sdlog 0.32  ICC 0.87  out  91%  R2 +0.69
    oss120hi  acc  51.4%  0.1557c  p90/p10    3.3  sdlog 0.51  ICC 0.81  out  98%  R2 +0.13
  bcb_tensors_5r [market]
    oss20lo   acc  44.7%  0.0039c  p90/p10    2.1  sdlog 0.30  ICC 0.70  out  88%  R2 +0.66
    oss20md   acc  48.0%  0.0082c  p90/p10    2.5  sdlog 0.35  ICC 0.70  out  94%  R2 +0.56
    dsv4f     acc  51.0%  0.0209c  p90/p10    7.5  sdlog 0.82  ICC 0.59  out  95%  R2 -0.07
    oss120md  acc  51.0%  0.0450c  p90/p10    2.3  sdlog 0.32  ICC 0.87  out  91%  R2 +0.62
    oss120hi  acc  51.4%  0.1557c  p90/p10    3.3  sdlog 0.51  ICC 0.81  out  98%  R2 +0.01
  bcb_tensors_5r [market]
    oss20lo   acc  44.7%  0.0039c  p90/p10    2.1  sdlog 0.30  ICC 0.70  out  88%  R2 +0.71
    oss20md   acc  48.0%  0.0082c  p90/p10    2.5  sdlog 0.35  ICC 0.70  out  94%  R2 +0.61
    dsv4f     acc  51.0%  0.0209c  p90/p10    7.5  sdlog 0.82  ICC 0.59  out  95%  R2 +0.12
    oss120md  acc  51.0%  0.0450c  p90/p10    2.3  sdlog 0.32  ICC 0.87  out  91%  R2 +0.69
    oss120hi  acc  51.4%  0.1557c  p90/p10    3.3  sdlog 0.51  ICC 0.81  out  98%  R2 +0.36
  bcb_tensors_5r [market]
    oss20lo   acc  44.7%  0.0039c  p90/p10    2.1  sdlog 0.30  ICC 0.70  out  88%  R2 +0.67
    oss20md   acc  48.0%  0.0082c  p90/p10    2.5  sdlog 0.35  ICC 0.70  out  94%  R2 +0.57
    dsv4f     acc  51.0%  0.0209c  p90/p10    7.5  sdlog 0.82  ICC 0.59  out  95%  R2 +0.01
    oss120md  acc  51.0%  0.0450c  p90/p10    2.3  sdlog 0.32  ICC 0.87  out  91%  R2 +0.68
    oss120hi  acc  51.4%  0.1557c  p90/p10    3.3  sdlog 0.51  ICC 0.81  out  98%  R2 +0.17
  cc_tensors [market]
    oss20lo   acc  51.6%  0.0092c  p90/p10    4.3  sdlog 0.56  ICC 0.81  out  88%  R2 +0.39
    oss20md   acc  72.4%  0.0534c  p90/p10   15.3  sdlog 1.02  ICC 0.88  out  98%  R2 +0.29
    dsv4f     acc  84.2%  0.1653c  p90/p10   25.9  sdlog 1.21  ICC 0.85  out  98%  R2 +0.30
    oss120md  acc  79.2%  0.1961c  p90/p10   10.6  sdlog 0.85  ICC 0.94  out  95%  R2 +0.34
    oss120hi  acc  88.0%  1.0773c  p90/p10   13.7  sdlog 1.02  ICC 0.95  out  99%  R2 +0.28
  cc_tensors [market]
    oss20lo   acc  51.6%  0.0092c  p90/p10    4.3  sdlog 0.56  ICC 0.81  out  88%  R2 +0.35
    oss20md   acc  72.4%  0.0534c  p90/p10   15.3  sdlog 1.02  ICC 0.88  out  98%  R2 +0.18
    dsv4f     acc  84.2%  0.1653c  p90/p10   25.9  sdlog 1.21  ICC 0.85  out  98%  R2 +0.25
    oss120md  acc  79.2%  0.1961c  p90/p10   10.6  sdlog 0.85  ICC 0.94  out  95%  R2 +0.19
    oss120hi  acc  88.0%  1.0773c  p90/p10   13.7  sdlog 1.02  ICC 0.95  out  99%  R2 +0.17
  cc_tensors [market] +overhead 0.0084c
    oss20lo   acc  51.6%  0.0092c  p90/p10    4.3  sdlog 0.56  ICC 0.81  out  88%  R2 +0.39
    oss20md   acc  72.4%  0.0534c  p90/p10   15.3  sdlog 1.02  ICC 0.88  out  98%  R2 +0.29
    dsv4f     acc  84.2%  0.1653c  p90/p10   25.9  sdlog 1.21  ICC 0.85  out  98%  R2 +0.30
    oss120md  acc  79.2%  0.1961c  p90/p10   10.6  sdlog 0.85  ICC 0.94  out  95%  R2 +0.34
    oss120hi  acc  88.0%  1.0773c  p90/p10   13.7  sdlog 1.02  ICC 0.95  out  99%  R2 +0.28
  cc_tensors [market] +overhead 0.0084c
    oss20lo   acc  51.6%  0.0092c  p90/p10    4.3  sdlog 0.56  ICC 0.81  out  88%  R2 +0.35
    oss20md   acc  72.4%  0.0534c  p90/p10   15.3  sdlog 1.02  ICC 0.88  out  98%  R2 +0.18
    dsv4f     acc  84.2%  0.1653c  p90/p10   25.9  sdlog 1.21  ICC 0.85  out  98%  R2 +0.25
    oss120md  acc  79.2%  0.1961c  p90/p10   10.6  sdlog 0.85  ICC 0.94  out  95%  R2 +0.19
    oss120hi  acc  88.0%  1.0773c  p90/p10   13.7  sdlog 1.02  ICC 0.95  out  99%  R2 +0.17
