/home/toolkit/PipelineRL-SWE/analysis/cost_headroom/decompose.py:73: RuntimeWarning: Mean of empty slice
  tr = idx["train"]; inp = np.nanmean(np.where(v, pt, np.nan), 2)
/home/toolkit/PipelineRL-SWE/analysis/cost_headroom/decompose.py:156: RuntimeWarning: divide by zero encountered in log
  lv = np.log(np.where(v[:, m], real[:, m], np.nan))
/home/toolkit/.conda/envs/pipeline-rl/lib/python3.11/site-packages/numpy/lib/nanfunctions.py:1741: RuntimeWarning: invalid value encountered in subtract
  np.subtract(arr, avg, out=arr, casting='unsafe', where=where)
/home/toolkit/PipelineRL-SWE/analysis/cost_headroom/decompose.py:163: RuntimeWarning: divide by zero encountered in log
  p90_p10=float(np.percentile(c, 90) / np.percentile(c, 10)), sd_log=float(np.log(c).std()),
/home/toolkit/.conda/envs/pipeline-rl/lib/python3.11/site-packages/numpy/core/_methods.py:173: RuntimeWarning: invalid value encountered in subtract
  x = asanyarray(arr - arrmean)
HEADROOM = cost saved at matched accuracy by PERFECT per-problem cost knowledge vs the paper rule; learned = the 4B-prefill head; capture = learned / headroom (test frontiers, band = accuracies all arms reach)
pool                                         band       headroom [95% CI]        learned [95% CI]  capture  reroute or/lrn
pool_v2_tensors_5rung [market]          55- 87%    47.3% [ 39.7, 52.9]    34.4% [ 25.6, 40.0]     0.73      50%/52%
pool_v2_tensors_5rung [market]          54- 87%    46.0% [ 38.8, 51.1]    14.1% [  5.3, 21.0]     0.31      50%/42%
pool_v2_tensors_5rung [market]          54- 87%    46.0% [ 38.7, 51.1]    12.3% [  0.7, 21.4]     0.27      50%/44%
pool_v2_tensors_5rung [market]          54- 87%    46.0% [ 38.7, 51.1]    35.6% [ 27.1, 41.9]     0.77      50%/48%
cc_tensors [market]                     51- 83%    21.8% [ 13.5, 29.1]     0.7% [ -9.5,  8.2]     0.03      40%/31%
cc_tensors [market]                     51- 83%    21.8% [ 13.7, 29.0]     0.8% [ -6.7,  7.7]     0.04      40%/24%
cc_tensors [market]                     51- 83%    21.8% [ 13.7, 29.0]   -11.1% [-20.9, -1.3]    -0.51      40%/27%
cc_tensors [market]                     51- 83%    21.8% [ 13.7, 29.0]     2.0% [ -6.1,  9.0]     0.09      40%/28%
bcb_tensors_5r [market]                 46- 51%    20.2% [  9.9, 29.8]    -4.3% [-26.5, 15.5]    -0.21      16%/24%
bcb_tensors_5r [market]                 46- 51%    20.2% [ 10.1, 29.6]    -4.5% [-14.2,  9.2]    -0.22      16%/16%
bcb_tensors_5r [market]                 46- 51%    20.2% [ 10.1, 30.2]   -10.1% [-28.0,  7.3]    -0.50      16%/15%
bcb_tensors_5r [market]                 46- 51%    20.2% [ 10.1, 29.8]    -3.3% [-15.3, 11.4]    -0.17      16%/20%
taco_tensors_ha [market]                29- 46%    36.1% [ 24.9, 46.0]     0.1% [ -7.5,  9.0]     0.00      32%/35%
taco_tensors_ha [market]                29- 46%    36.1% [ 25.4, 46.0]     8.3% [  0.2, 16.9]     0.23      32%/18%
taco_tensors_ha [market]                29- 46%    36.1% [ 25.4, 46.0]   -18.9% [-38.3, -5.4]    -0.52      32%/24%
taco_tensors_ha [market]                29- 46%    36.1% [ 24.3, 46.0]     2.1% [ -7.8, 12.6]     0.06      32%/26%
swesmith_reason_tensors [market]        22- 31%    14.2% [ -2.1, 29.6]     7.5% [ -5.5, 20.0]     0.53       9%/20%
swesmith_reason_tensors [market]        22- 31%    14.2% [ -2.1, 29.6]     0.2% [ -5.9, 10.7]     0.01       9%/16%
swesmith_reason_tensors [market]        22- 31%    14.2% [ -2.1, 29.6]     0.2% [ -5.9, 10.7]     0.01       9%/16%
swesmith_reason_tensors [market]        22- 31%    14.2% [ -2.1, 29.6]    24.8% [  8.2, 36.0]     1.74       9%/7%
pool_v2_tensors_5rung [market]          54- 87%    46.0% [ 38.7, 51.1]    34.0% [ 24.6, 40.8]     0.74      50%/49%

per route: acc, mean cost (c), p90/p10 per-problem cost, sd log cost, ICC (between-problem share), output share, head test R2
  pool_v2_tensors_5rung [market]
    oss20lo   acc  52.7%  0.0081c  p90/p10    7.4  sdlog 0.76  ICC 0.88  out  87%  R2 +0.56
    oss20md   acc  68.5%  0.0416c  p90/p10   32.1  sdlog 1.26  ICC 0.90  out  98%  R2 +0.45
    dsv4f     acc  88.4%  0.1446c  p90/p10   89.4  sdlog 1.67  ICC 0.89  out  98%  R2 +0.51
    oss120md  acc  81.5%  0.1495c  p90/p10   18.5  sdlog 1.06  ICC 0.95  out  94%  R2 +0.44
    oss120hi  acc  88.9%  0.8236c  p90/p10   39.8  sdlog 1.35  ICC 0.96  out  99%  R2 +0.46
  pool_v2_tensors_5rung [market]
    oss20lo   acc  52.7%  0.0081c  p90/p10    7.4  sdlog 0.76  ICC 0.88  out  87%  R2 +0.12
    oss20md   acc  68.5%  0.0416c  p90/p10   32.1  sdlog 1.26  ICC 0.90  out  98%  R2 +0.12
    dsv4f     acc  88.4%  0.1446c  p90/p10   89.4  sdlog 1.67  ICC 0.89  out  98%  R2 +0.13
    oss120md  acc  81.5%  0.1495c  p90/p10   18.5  sdlog 1.06  ICC 0.95  out  94%  R2 +0.13
    oss120hi  acc  88.9%  0.8236c  p90/p10   39.8  sdlog 1.35  ICC 0.96  out  99%  R2 +0.12
  pool_v2_tensors_5rung [market]
    oss20lo   acc  52.7%  0.0081c  p90/p10    7.4  sdlog 0.76  ICC 0.88  out  87%  R2 +0.16
    oss20md   acc  68.5%  0.0416c  p90/p10   32.1  sdlog 1.26  ICC 0.90  out  98%  R2 +0.09
    dsv4f     acc  88.4%  0.1446c  p90/p10   89.4  sdlog 1.67  ICC 0.89  out  98%  R2 +0.05
    oss120md  acc  81.5%  0.1495c  p90/p10   18.5  sdlog 1.06  ICC 0.95  out  94%  R2 +0.10
    oss120hi  acc  88.9%  0.8236c  p90/p10   39.8  sdlog 1.35  ICC 0.96  out  99%  R2 +0.10
  pool_v2_tensors_5rung [market]
    oss20lo   acc  52.7%  0.0081c  p90/p10    7.4  sdlog 0.76  ICC 0.88  out  87%  R2 +0.56
    oss20md   acc  68.5%  0.0416c  p90/p10   32.1  sdlog 1.26  ICC 0.90  out  98%  R2 +0.49
    dsv4f     acc  88.4%  0.1446c  p90/p10   89.4  sdlog 1.67  ICC 0.89  out  98%  R2 +0.47
    oss120md  acc  81.5%  0.1495c  p90/p10   18.5  sdlog 1.06  ICC 0.95  out  94%  R2 +0.55
    oss120hi  acc  88.9%  0.8236c  p90/p10   39.8  sdlog 1.35  ICC 0.96  out  99%  R2 +0.48
  cc_tensors [market]
    oss20lo   acc  51.6%  0.0092c  p90/p10    4.3  sdlog 0.56  ICC 0.81  out  88%  R2 +0.39
    oss20md   acc  72.4%  0.0534c  p90/p10   15.3  sdlog 1.02  ICC 0.88  out  98%  R2 +0.22
    dsv4f     acc  84.2%  0.1653c  p90/p10   25.9  sdlog 1.21  ICC 0.85  out  98%  R2 +0.24
    oss120md  acc  79.2%  0.1961c  p90/p10   10.6  sdlog 0.85  ICC 0.94  out  95%  R2 +0.27
    oss120hi  acc  88.0%  1.0773c  p90/p10   13.7  sdlog 1.02  ICC 0.95  out  99%  R2 +0.22
  cc_tensors [market]
    oss20lo   acc  51.6%  0.0092c  p90/p10    4.3  sdlog 0.56  ICC 0.81  out  88%  R2 -0.45
    oss20md   acc  72.4%  0.0534c  p90/p10   15.3  sdlog 1.02  ICC 0.88  out  98%  R2 -0.19
    dsv4f     acc  84.2%  0.1653c  p90/p10   25.9  sdlog 1.21  ICC 0.85  out  98%  R2 -0.28
    oss120md  acc  79.2%  0.1961c  p90/p10   10.6  sdlog 0.85  ICC 0.94  out  95%  R2 -0.24
    oss120hi  acc  88.0%  1.0773c  p90/p10   13.7  sdlog 1.02  ICC 0.95  out  99%  R2 -0.31
  cc_tensors [market]
    oss20lo   acc  51.6%  0.0092c  p90/p10    4.3  sdlog 0.56  ICC 0.81  out  88%  R2 -0.26
    oss20md   acc  72.4%  0.0534c  p90/p10   15.3  sdlog 1.02  ICC 0.88  out  98%  R2 -0.22
    dsv4f     acc  84.2%  0.1653c  p90/p10   25.9  sdlog 1.21  ICC 0.85  out  98%  R2 -0.25
    oss120md  acc  79.2%  0.1961c  p90/p10   10.6  sdlog 0.85  ICC 0.94  out  95%  R2 -0.19
    oss120hi  acc  88.0%  1.0773c  p90/p10   13.7  sdlog 1.02  ICC 0.95  out  99%  R2 -0.24
  cc_tensors [market]
    oss20lo   acc  51.6%  0.0092c  p90/p10    4.3  sdlog 0.56  ICC 0.81  out  88%  R2 +0.41
    oss20md   acc  72.4%  0.0534c  p90/p10   15.3  sdlog 1.02  ICC 0.88  out  98%  R2 +0.21
    dsv4f     acc  84.2%  0.1653c  p90/p10   25.9  sdlog 1.21  ICC 0.85  out  98%  R2 +0.24
    oss120md  acc  79.2%  0.1961c  p90/p10   10.6  sdlog 0.85  ICC 0.94  out  95%  R2 +0.29
    oss120hi  acc  88.0%  1.0773c  p90/p10   13.7  sdlog 1.02  ICC 0.95  out  99%  R2 +0.27
  bcb_tensors_5r [market]
    oss20lo   acc  44.7%  0.0039c  p90/p10    2.1  sdlog 0.30  ICC 0.70  out  88%  R2 +0.69
    oss20md   acc  48.0%  0.0082c  p90/p10    2.5  sdlog 0.35  ICC 0.70  out  94%  R2 +0.59
    dsv4f     acc  51.0%  0.0209c  p90/p10    7.5  sdlog 0.82  ICC 0.59  out  95%  R2 +0.04
    oss120md  acc  51.0%  0.0450c  p90/p10    2.3  sdlog 0.32  ICC 0.87  out  91%  R2 +0.69
    oss120hi  acc  51.4%  0.1557c  p90/p10    3.3  sdlog 0.51  ICC 0.81  out  98%  R2 +0.13
  bcb_tensors_5r [market]
    oss20lo   acc  44.7%  0.0039c  p90/p10    2.1  sdlog 0.30  ICC 0.70  out  88%  R2 -0.43
    oss20md   acc  48.0%  0.0082c  p90/p10    2.5  sdlog 0.35  ICC 0.70  out  94%  R2 -0.39
    dsv4f     acc  51.0%  0.0209c  p90/p10    7.5  sdlog 0.82  ICC 0.59  out  95%  R2 -0.04
    oss120md  acc  51.0%  0.0450c  p90/p10    2.3  sdlog 0.32  ICC 0.87  out  91%  R2 -0.39
    oss120hi  acc  51.4%  0.1557c  p90/p10    3.3  sdlog 0.51  ICC 0.81  out  98%  R2 -0.20
  bcb_tensors_5r [market]
    oss20lo   acc  44.7%  0.0039c  p90/p10    2.1  sdlog 0.30  ICC 0.70  out  88%  R2 +0.31
    oss20md   acc  48.0%  0.0082c  p90/p10    2.5  sdlog 0.35  ICC 0.70  out  94%  R2 +0.10
    dsv4f     acc  51.0%  0.0209c  p90/p10    7.5  sdlog 0.82  ICC 0.59  out  95%  R2 -0.02
    oss120md  acc  51.0%  0.0450c  p90/p10    2.3  sdlog 0.32  ICC 0.87  out  91%  R2 +0.25
    oss120hi  acc  51.4%  0.1557c  p90/p10    3.3  sdlog 0.51  ICC 0.81  out  98%  R2 -0.09
  bcb_tensors_5r [market]
    oss20lo   acc  44.7%  0.0039c  p90/p10    2.1  sdlog 0.30  ICC 0.70  out  88%  R2 +0.71
    oss20md   acc  48.0%  0.0082c  p90/p10    2.5  sdlog 0.35  ICC 0.70  out  94%  R2 +0.61
    dsv4f     acc  51.0%  0.0209c  p90/p10    7.5  sdlog 0.82  ICC 0.59  out  95%  R2 +0.12
    oss120md  acc  51.0%  0.0450c  p90/p10    2.3  sdlog 0.32  ICC 0.87  out  91%  R2 +0.69
    oss120hi  acc  51.4%  0.1557c  p90/p10    3.3  sdlog 0.51  ICC 0.81  out  98%  R2 +0.36
  taco_tensors_ha [market]
    scout     acc  16.3%  0.0481c  p90/p10   48.0  sdlog 1.50  ICC 0.81  out  98%  R2 +0.14
    oss20     acc  37.3%  0.0731c  p90/p10   23.9  sdlog 1.17  ICC 0.86  out  98%  R2 +0.22
    oss120    acc  46.1%  0.2521c  p90/p10    9.6  sdlog 0.87  ICC 0.91  out  96%  R2 +0.35
  taco_tensors_ha [market]
    scout     acc  16.3%  0.0481c  p90/p10   48.0  sdlog 1.50  ICC 0.81  out  98%  R2 -0.13
    oss20     acc  37.3%  0.0731c  p90/p10   23.9  sdlog 1.17  ICC 0.86  out  98%  R2 -0.07
    oss120    acc  46.1%  0.2521c  p90/p10    9.6  sdlog 0.87  ICC 0.91  out  96%  R2 -0.08
  taco_tensors_ha [market]
    scout     acc  16.3%  0.0481c  p90/p10   48.0  sdlog 1.50  ICC 0.81  out  98%  R2 -0.22
    oss20     acc  37.3%  0.0731c  p90/p10   23.9  sdlog 1.17  ICC 0.86  out  98%  R2 -0.26
    oss120    acc  46.1%  0.2521c  p90/p10    9.6  sdlog 0.87  ICC 0.91  out  96%  R2 -0.10
  taco_tensors_ha [market]
    scout     acc  16.3%  0.0481c  p90/p10   48.0  sdlog 1.50  ICC 0.81  out  98%  R2 +0.12
    oss20     acc  37.3%  0.0731c  p90/p10   23.9  sdlog 1.17  ICC 0.86  out  98%  R2 +0.28
    oss120    acc  46.1%  0.2521c  p90/p10    9.6  sdlog 0.87  ICC 0.91  out  96%  R2 +0.43
  swesmith_reason_tensors [market]
    oss20lo   acc  23.2%  0.0119c  p90/p10    7.4  sdlog nan  ICC nan  out  35%  R2 +0.85
    oss20md   acc  25.6%  0.0253c  p90/p10    9.3  sdlog nan  ICC nan  out  69%  R2 -0.03
    dsv4f     acc  33.6%  0.1224c  p90/p10   14.0  sdlog nan  ICC nan  out  77%  R2 +0.10
    oss120md  acc  33.6%  0.1498c  p90/p10    4.4  sdlog nan  ICC nan  out  50%  R2 +0.69
    oss120hi  acc  35.6%  0.4165c  p90/p10    7.6  sdlog nan  ICC nan  out  82%  R2 +0.31
  swesmith_reason_tensors [market]
    oss20lo   acc  23.2%  0.0119c  p90/p10    7.4  sdlog nan  ICC nan  out  35%  R2 +0.81
    oss20md   acc  25.6%  0.0253c  p90/p10    9.3  sdlog nan  ICC nan  out  69%  R2 +0.25
    dsv4f     acc  33.6%  0.1224c  p90/p10   14.0  sdlog nan  ICC nan  out  77%  R2 +0.01
    oss120md  acc  33.6%  0.1498c  p90/p10    4.4  sdlog nan  ICC nan  out  50%  R2 +0.59
    oss120hi  acc  35.6%  0.4165c  p90/p10    7.6  sdlog nan  ICC nan  out  82%  R2 +0.06
  swesmith_reason_tensors [market]
    oss20lo   acc  23.2%  0.0119c  p90/p10    7.4  sdlog nan  ICC nan  out  35%  R2 +0.81
    oss20md   acc  25.6%  0.0253c  p90/p10    9.3  sdlog nan  ICC nan  out  69%  R2 +0.25
    dsv4f     acc  33.6%  0.1224c  p90/p10   14.0  sdlog nan  ICC nan  out  77%  R2 +0.01
    oss120md  acc  33.6%  0.1498c  p90/p10    4.4  sdlog nan  ICC nan  out  50%  R2 +0.59
    oss120hi  acc  35.6%  0.4165c  p90/p10    7.6  sdlog nan  ICC nan  out  82%  R2 +0.06
  swesmith_reason_tensors [market]
    oss20lo   acc  23.2%  0.0119c  p90/p10    7.4  sdlog nan  ICC nan  out  35%  R2 +0.82
    oss20md   acc  25.6%  0.0253c  p90/p10    9.3  sdlog nan  ICC nan  out  69%  R2 +0.12
    dsv4f     acc  33.6%  0.1224c  p90/p10   14.0  sdlog nan  ICC nan  out  77%  R2 +0.06
    oss120md  acc  33.6%  0.1498c  p90/p10    4.4  sdlog nan  ICC nan  out  50%  R2 +0.69
    oss120hi  acc  35.6%  0.4165c  p90/p10    7.6  sdlog nan  ICC nan  out  82%  R2 +0.34
  pool_v2_tensors_5rung [market]
    oss20lo   acc  52.7%  0.0081c  p90/p10    7.4  sdlog 0.76  ICC 0.88  out  87%  R2 +0.54
    oss20md   acc  68.5%  0.0416c  p90/p10   32.1  sdlog 1.26  ICC 0.90  out  98%  R2 +0.45
    dsv4f     acc  88.4%  0.1446c  p90/p10   89.4  sdlog 1.67  ICC 0.89  out  98%  R2 +0.47
    oss120md  acc  81.5%  0.1495c  p90/p10   18.5  sdlog 1.06  ICC 0.95  out  94%  R2 +0.52
    oss120hi  acc  88.9%  0.8236c  p90/p10   39.8  sdlog 1.35  ICC 0.96  out  99%  R2 +0.43
