/home/toolkit/PipelineRL-SWE/analysis/cost_headroom/decompose.py:76: RuntimeWarning: Mean of empty slice
  tr = idx["train"]; inp = np.nanmean(np.where(v, pt, np.nan), 2)
HEADROOM = cost saved at matched accuracy by PERFECT per-problem cost knowledge vs the paper rule; learned = the 4B-prefill head; capture = learned / headroom (test frontiers, band = accuracies all arms reach)
pool                                         band       headroom [95% CI]        learned [95% CI]  capture  reroute or/lrn
pool_v2_tensors_5rung [market]          54- 87%    46.0% [ 38.7, 51.1]    46.0% [ 38.7, 51.1]     1.00      50%/50%
pool_v2_tensors_5rung [market]          54- 87%    46.0% [ 38.8, 51.2]    35.6% [ 27.1, 41.6]     0.77      50%/46%
pool_v2_tensors_5rung [market]          54- 87%    46.0% [ 38.8, 51.1]    36.5% [ 30.1, 41.1]     0.79      50%/38%
cc_tensors [market]                     51- 83%    21.8% [ 13.7, 29.0]    21.8% [ 13.7, 29.0]     1.00      40%/40%
cc_tensors [market]                     51- 83%    21.8% [ 13.7, 29.0]    12.7% [  6.1, 18.3]     0.58      40%/33%
cc_tensors [market]                     51- 83%    21.8% [ 13.7, 29.0]    19.3% [ 11.0, 24.2]     0.89      40%/20%
omni500_tensors [market]                53- 73%    44.2% [ 31.8, 53.4]    44.2% [ 31.8, 53.4]     1.00      74%/74%
omni500_tensors [market]                53- 73%    44.2% [ 31.8, 53.4]    21.0% [ 10.4, 30.3]     0.47      74%/60%
omni500_tensors [market]                53- 73%    44.2% [ 31.8, 53.4]    41.1% [ 28.3, 51.0]     0.93      74%/55%
taco_tensors_ha [market]                29- 46%    36.1% [ 25.4, 46.0]    36.1% [ 25.4, 46.0]     1.00      32%/32%
taco_tensors_ha [market]                29- 46%    36.1% [ 25.4, 46.0]    -1.9% [-12.5,  9.2]    -0.05      32%/30%
taco_tensors_ha [market]                29- 46%    36.1% [ 25.4, 46.0]    30.0% [ 19.7, 43.1]     0.83      32%/31%
bcb_tensors_5r [market]                 46- 51%    20.2% [ 10.2, 30.2]    20.2% [ 10.2, 30.2]     1.00      16%/16%
bcb_tensors_5r [market]                 46- 51%    20.4% [  9.9, 30.0]     9.8% [  0.5, 18.0]     0.48      16%/14%
bcb_tensors_5r [market]                 46- 51%    20.2% [ 10.1, 30.0]    15.2% [  6.0, 27.1]     0.75      16%/12%
pool_v2_tensors_5rung [market]          54- 87%    46.0% [ 38.8, 51.1]    33.3% [ 24.9, 39.7]     0.72      50%/43%
pool_v2_tensors_5rung [market]          54- 87%    46.0% [ 38.8, 51.1]    22.8% [ 15.9, 27.3]     0.49      50%/41%
pool_v2_tensors_5rung [market]          54- 87%    46.0% [ 38.7, 51.1]    30.1% [ 22.1, 36.2]     0.65      50%/45%
pool_v2_tensors_5rung [market]          54- 87%    46.0% [ 38.8, 51.1]    21.8% [ 14.5, 27.9]     0.47      50%/36%
cc_tensors [market]                     51- 83%    21.8% [ 13.7, 29.0]     4.0% [ -1.2,  9.8]     0.18      40%/28%
cc_tensors [market]                     51- 83%    21.8% [ 13.7, 29.0]    -3.1% [ -8.1,  1.3]    -0.14      40%/16%
cc_tensors [market]                     51- 83%    21.8% [ 13.7, 29.0]     2.0% [ -4.7,  7.2]     0.09      40%/31%
cc_tensors [market]                     51- 83%    21.8% [ 13.7, 29.0]     2.4% [ -2.7,  6.5]     0.11      40%/13%
omni500_tensors [market]                53- 73%    44.2% [ 31.8, 53.4]    18.6% [  6.5, 29.6]     0.42      74%/63%
omni500_tensors [market]                53- 73%    44.2% [ 31.8, 53.5]    14.2% [  1.3, 25.2]     0.32      74%/38%

per route: acc, mean cost (c), p90/p10 per-problem cost, sd log cost, ICC (between-problem share), output share, head test R2
  pool_v2_tensors_5rung [market]
    oss20lo   acc  52.7%  0.0081c  p90/p10    7.4  sdlog 0.76  ICC 0.88  out  87%  R2 +1.00
    oss20md   acc  68.5%  0.0416c  p90/p10   32.1  sdlog 1.26  ICC 0.90  out  98%  R2 +1.00
    dsv4f     acc  88.4%  0.1446c  p90/p10   89.4  sdlog 1.67  ICC 0.89  out  98%  R2 +1.00
    oss120md  acc  81.5%  0.1495c  p90/p10   18.5  sdlog 1.06  ICC 0.95  out  94%  R2 +1.00
    oss120hi  acc  88.9%  0.8236c  p90/p10   39.8  sdlog 1.35  ICC 0.96  out  99%  R2 +1.00
  pool_v2_tensors_5rung [market]
    oss20lo   acc  52.7%  0.0081c  p90/p10    7.4  sdlog 0.76  ICC 0.88  out  87%  R2 -1.74
    oss20md   acc  68.5%  0.0416c  p90/p10   32.1  sdlog 1.26  ICC 0.90  out  98%  R2 +0.84
    dsv4f     acc  88.4%  0.1446c  p90/p10   89.4  sdlog 1.67  ICC 0.89  out  98%  R2 +0.62
    oss120md  acc  81.5%  0.1495c  p90/p10   18.5  sdlog 1.06  ICC 0.95  out  94%  R2 +0.91
    oss120hi  acc  88.9%  0.8236c  p90/p10   39.8  sdlog 1.35  ICC 0.96  out  99%  R2 +0.78
  pool_v2_tensors_5rung [market]
    oss20lo   acc  52.7%  0.0081c  p90/p10    7.4  sdlog 0.76  ICC 0.88  out  87%  R2 -1.01
    oss20md   acc  68.5%  0.0416c  p90/p10   32.1  sdlog 1.26  ICC 0.90  out  98%  R2 -0.08
    dsv4f     acc  88.4%  0.1446c  p90/p10   89.4  sdlog 1.67  ICC 0.89  out  98%  R2 -0.05
    oss120md  acc  81.5%  0.1495c  p90/p10   18.5  sdlog 1.06  ICC 0.95  out  94%  R2 -0.20
    oss120hi  acc  88.9%  0.8236c  p90/p10   39.8  sdlog 1.35  ICC 0.96  out  99%  R2 -0.07
  cc_tensors [market]
    oss20lo   acc  51.6%  0.0092c  p90/p10    4.3  sdlog 0.56  ICC 0.81  out  88%  R2 +1.00
    oss20md   acc  72.4%  0.0534c  p90/p10   15.3  sdlog 1.02  ICC 0.88  out  98%  R2 +1.00
    dsv4f     acc  84.2%  0.1653c  p90/p10   25.9  sdlog 1.21  ICC 0.85  out  98%  R2 +1.00
    oss120md  acc  79.2%  0.1961c  p90/p10   10.6  sdlog 0.85  ICC 0.94  out  95%  R2 +1.00
    oss120hi  acc  88.0%  1.0773c  p90/p10   13.7  sdlog 1.02  ICC 0.95  out  99%  R2 +1.00
  cc_tensors [market]
    oss20lo   acc  51.6%  0.0092c  p90/p10    4.3  sdlog 0.56  ICC 0.81  out  88%  R2 -1.09
    oss20md   acc  72.4%  0.0534c  p90/p10   15.3  sdlog 1.02  ICC 0.88  out  98%  R2 +0.64
    dsv4f     acc  84.2%  0.1653c  p90/p10   25.9  sdlog 1.21  ICC 0.85  out  98%  R2 +0.60
    oss120md  acc  79.2%  0.1961c  p90/p10   10.6  sdlog 0.85  ICC 0.94  out  95%  R2 +0.83
    oss120hi  acc  88.0%  1.0773c  p90/p10   13.7  sdlog 1.02  ICC 0.95  out  99%  R2 +0.72
  cc_tensors [market]
    oss20lo   acc  51.6%  0.0092c  p90/p10    4.3  sdlog 0.56  ICC 0.81  out  88%  R2 -1.37
    oss20md   acc  72.4%  0.0534c  p90/p10   15.3  sdlog 1.02  ICC 0.88  out  98%  R2 +0.13
    dsv4f     acc  84.2%  0.1653c  p90/p10   25.9  sdlog 1.21  ICC 0.85  out  98%  R2 +0.14
    oss120md  acc  79.2%  0.1961c  p90/p10   10.6  sdlog 0.85  ICC 0.94  out  95%  R2 -0.04
    oss120hi  acc  88.0%  1.0773c  p90/p10   13.7  sdlog 1.02  ICC 0.95  out  99%  R2 +0.08
  omni500_tensors [market]
    oss20lo   acc  46.1%  0.0140c  p90/p10    7.8  sdlog 0.80  ICC 0.88  out  98%  R2 +1.00
    oss20md   acc  61.5%  0.0781c  p90/p10   32.6  sdlog 1.30  ICC 0.92  out 100%  R2 +1.00
    dsv4f     acc  74.6%  0.1728c  p90/p10  110.6  sdlog 1.69  ICC 0.95  out 100%  R2 +1.00
    oss120md  acc  62.6%  0.2715c  p90/p10   20.4  sdlog 1.12  ICC 0.97  out  99%  R2 +1.00
    oss120hi  acc  69.3%  1.0318c  p90/p10   42.0  sdlog 1.42  ICC 0.97  out 100%  R2 +1.00
  omni500_tensors [market]
    oss20lo   acc  46.1%  0.0140c  p90/p10    7.8  sdlog 0.80  ICC 0.88  out  98%  R2 -1.37
    oss20md   acc  61.5%  0.0781c  p90/p10   32.6  sdlog 1.30  ICC 0.92  out 100%  R2 +0.73
    dsv4f     acc  74.6%  0.1728c  p90/p10  110.6  sdlog 1.69  ICC 0.95  out 100%  R2 +0.49
    oss120md  acc  62.6%  0.2715c  p90/p10   20.4  sdlog 1.12  ICC 0.97  out  99%  R2 +0.75
    oss120hi  acc  69.3%  1.0318c  p90/p10   42.0  sdlog 1.42  ICC 0.97  out 100%  R2 +0.74
  omni500_tensors [market]
    oss20lo   acc  46.1%  0.0140c  p90/p10    7.8  sdlog 0.80  ICC 0.88  out  98%  R2 -1.77
    oss20md   acc  61.5%  0.0781c  p90/p10   32.6  sdlog 1.30  ICC 0.92  out 100%  R2 -0.01
    dsv4f     acc  74.6%  0.1728c  p90/p10  110.6  sdlog 1.69  ICC 0.95  out 100%  R2 +0.14
    oss120md  acc  62.6%  0.2715c  p90/p10   20.4  sdlog 1.12  ICC 0.97  out  99%  R2 -0.13
    oss120hi  acc  69.3%  1.0318c  p90/p10   42.0  sdlog 1.42  ICC 0.97  out 100%  R2 +0.01
  taco_tensors_ha [market]
    scout     acc  16.3%  0.0481c  p90/p10   48.0  sdlog 1.50  ICC 0.81  out  98%  R2 +1.00
    oss20     acc  37.3%  0.0731c  p90/p10   23.9  sdlog 1.17  ICC 0.86  out  98%  R2 +1.00
    oss120    acc  46.1%  0.2521c  p90/p10    9.6  sdlog 0.87  ICC 0.91  out  96%  R2 +1.00
  taco_tensors_ha [market]
    scout     acc  16.3%  0.0481c  p90/p10   48.0  sdlog 1.50  ICC 0.81  out  98%  R2 +0.29
    oss20     acc  37.3%  0.0731c  p90/p10   23.9  sdlog 1.17  ICC 0.86  out  98%  R2 +0.62
    oss120    acc  46.1%  0.2521c  p90/p10    9.6  sdlog 0.87  ICC 0.91  out  96%  R2 +0.46
  taco_tensors_ha [market]
    scout     acc  16.3%  0.0481c  p90/p10   48.0  sdlog 1.50  ICC 0.81  out  98%  R2 +0.36
    oss20     acc  37.3%  0.0731c  p90/p10   23.9  sdlog 1.17  ICC 0.86  out  98%  R2 +0.09
    oss120    acc  46.1%  0.2521c  p90/p10    9.6  sdlog 0.87  ICC 0.91  out  96%  R2 -0.28
  bcb_tensors_5r [market]
    oss20lo   acc  44.7%  0.0039c  p90/p10    2.1  sdlog 0.30  ICC 0.70  out  88%  R2 +1.00
    oss20md   acc  48.0%  0.0082c  p90/p10    2.5  sdlog 0.35  ICC 0.70  out  94%  R2 +1.00
    dsv4f     acc  51.0%  0.0209c  p90/p10    7.5  sdlog 0.82  ICC 0.59  out  95%  R2 +1.00
    oss120md  acc  51.0%  0.0450c  p90/p10    2.3  sdlog 0.32  ICC 0.87  out  91%  R2 +1.00
    oss120hi  acc  51.4%  0.1557c  p90/p10    3.3  sdlog 0.51  ICC 0.81  out  98%  R2 +1.00
  bcb_tensors_5r [market]
    oss20lo   acc  44.7%  0.0039c  p90/p10    2.1  sdlog 0.30  ICC 0.70  out  88%  R2 +0.31
    oss20md   acc  48.0%  0.0082c  p90/p10    2.5  sdlog 0.35  ICC 0.70  out  94%  R2 +0.75
    dsv4f     acc  51.0%  0.0209c  p90/p10    7.5  sdlog 0.82  ICC 0.59  out  95%  R2 +0.23
    oss120md  acc  51.0%  0.0450c  p90/p10    2.3  sdlog 0.32  ICC 0.87  out  91%  R2 +0.68
    oss120hi  acc  51.4%  0.1557c  p90/p10    3.3  sdlog 0.51  ICC 0.81  out  98%  R2 +0.56
  bcb_tensors_5r [market]
    oss20lo   acc  44.7%  0.0039c  p90/p10    2.1  sdlog 0.30  ICC 0.70  out  88%  R2 -0.78
    oss20md   acc  48.0%  0.0082c  p90/p10    2.5  sdlog 0.35  ICC 0.70  out  94%  R2 -0.24
    dsv4f     acc  51.0%  0.0209c  p90/p10    7.5  sdlog 0.82  ICC 0.59  out  95%  R2 +0.75
    oss120md  acc  51.0%  0.0450c  p90/p10    2.3  sdlog 0.32  ICC 0.87  out  91%  R2 -0.42
    oss120hi  acc  51.4%  0.1557c  p90/p10    3.3  sdlog 0.51  ICC 0.81  out  98%  R2 +0.44
  pool_v2_tensors_5rung [market]
    oss20lo   acc  52.7%  0.0081c  p90/p10    7.4  sdlog 0.76  ICC 0.88  out  87%  R2 -0.36
    oss20md   acc  68.5%  0.0416c  p90/p10   32.1  sdlog 1.26  ICC 0.90  out  98%  R2 +0.49
    dsv4f     acc  88.4%  0.1446c  p90/p10   89.4  sdlog 1.67  ICC 0.89  out  98%  R2 +0.36
    oss120md  acc  81.5%  0.1495c  p90/p10   18.5  sdlog 1.06  ICC 0.95  out  94%  R2 +0.55
    oss120hi  acc  88.9%  0.8236c  p90/p10   39.8  sdlog 1.35  ICC 0.96  out  99%  R2 +0.46
  pool_v2_tensors_5rung [market]
    oss20lo   acc  52.7%  0.0081c  p90/p10    7.4  sdlog 0.76  ICC 0.88  out  87%  R2 -0.94
    oss20md   acc  68.5%  0.0416c  p90/p10   32.1  sdlog 1.26  ICC 0.90  out  98%  R2 -0.10
    dsv4f     acc  88.4%  0.1446c  p90/p10   89.4  sdlog 1.67  ICC 0.89  out  98%  R2 -0.07
    oss120md  acc  81.5%  0.1495c  p90/p10   18.5  sdlog 1.06  ICC 0.95  out  94%  R2 -0.18
    oss120hi  acc  88.9%  0.8236c  p90/p10   39.8  sdlog 1.35  ICC 0.96  out  99%  R2 -0.09
  pool_v2_tensors_5rung [market]
    oss20lo   acc  52.7%  0.0081c  p90/p10    7.4  sdlog 0.76  ICC 0.88  out  87%  R2 -1.04
    oss20md   acc  68.5%  0.0416c  p90/p10   32.1  sdlog 1.26  ICC 0.90  out  98%  R2 +0.58
    dsv4f     acc  88.4%  0.1446c  p90/p10   89.4  sdlog 1.67  ICC 0.89  out  98%  R2 +0.48
    oss120md  acc  81.5%  0.1495c  p90/p10   18.5  sdlog 1.06  ICC 0.95  out  94%  R2 +0.59
    oss120hi  acc  88.9%  0.8236c  p90/p10   39.8  sdlog 1.35  ICC 0.96  out  99%  R2 +0.55
  pool_v2_tensors_5rung [market]
    oss20lo   acc  52.7%  0.0081c  p90/p10    7.4  sdlog 0.76  ICC 0.88  out  87%  R2 -1.06
    oss20md   acc  68.5%  0.0416c  p90/p10   32.1  sdlog 1.26  ICC 0.90  out  98%  R2 -0.11
    dsv4f     acc  88.4%  0.1446c  p90/p10   89.4  sdlog 1.67  ICC 0.89  out  98%  R2 -0.07
    oss120md  acc  81.5%  0.1495c  p90/p10   18.5  sdlog 1.06  ICC 0.95  out  94%  R2 -0.21
    oss120hi  acc  88.9%  0.8236c  p90/p10   39.8  sdlog 1.35  ICC 0.96  out  99%  R2 -0.11
  cc_tensors [market]
    oss20lo   acc  51.6%  0.0092c  p90/p10    4.3  sdlog 0.56  ICC 0.81  out  88%  R2 +0.17
    oss20md   acc  72.4%  0.0534c  p90/p10   15.3  sdlog 1.02  ICC 0.88  out  98%  R2 +0.18
    dsv4f     acc  84.2%  0.1653c  p90/p10   25.9  sdlog 1.21  ICC 0.85  out  98%  R2 +0.22
    oss120md  acc  79.2%  0.1961c  p90/p10   10.6  sdlog 0.85  ICC 0.94  out  95%  R2 +0.29
    oss120hi  acc  88.0%  1.0773c  p90/p10   13.7  sdlog 1.02  ICC 0.95  out  99%  R2 +0.26
  cc_tensors [market]
    oss20lo   acc  51.6%  0.0092c  p90/p10    4.3  sdlog 0.56  ICC 0.81  out  88%  R2 -0.73
    oss20md   acc  72.4%  0.0534c  p90/p10   15.3  sdlog 1.02  ICC 0.88  out  98%  R2 -0.06
    dsv4f     acc  84.2%  0.1653c  p90/p10   25.9  sdlog 1.21  ICC 0.85  out  98%  R2 +0.03
    oss120md  acc  79.2%  0.1961c  p90/p10   10.6  sdlog 0.85  ICC 0.94  out  95%  R2 -0.09
    oss120hi  acc  88.0%  1.0773c  p90/p10   13.7  sdlog 1.02  ICC 0.95  out  99%  R2 -0.06
  cc_tensors [market]
    oss20lo   acc  51.6%  0.0092c  p90/p10    4.3  sdlog 0.56  ICC 0.81  out  88%  R2 +0.29
    oss20md   acc  72.4%  0.0534c  p90/p10   15.3  sdlog 1.02  ICC 0.88  out  98%  R2 +0.27
    dsv4f     acc  84.2%  0.1653c  p90/p10   25.9  sdlog 1.21  ICC 0.85  out  98%  R2 +0.30
    oss120md  acc  79.2%  0.1961c  p90/p10   10.6  sdlog 0.85  ICC 0.94  out  95%  R2 +0.39
    oss120hi  acc  88.0%  1.0773c  p90/p10   13.7  sdlog 1.02  ICC 0.95  out  99%  R2 +0.28
  cc_tensors [market]
    oss20lo   acc  51.6%  0.0092c  p90/p10    4.3  sdlog 0.56  ICC 0.81  out  88%  R2 -0.90
    oss20md   acc  72.4%  0.0534c  p90/p10   15.3  sdlog 1.02  ICC 0.88  out  98%  R2 +0.00
    dsv4f     acc  84.2%  0.1653c  p90/p10   25.9  sdlog 1.21  ICC 0.85  out  98%  R2 -0.00
    oss120md  acc  79.2%  0.1961c  p90/p10   10.6  sdlog 0.85  ICC 0.94  out  95%  R2 -0.13
    oss120hi  acc  88.0%  1.0773c  p90/p10   13.7  sdlog 1.02  ICC 0.95  out  99%  R2 -0.09
  omni500_tensors [market]
    oss20lo   acc  46.1%  0.0140c  p90/p10    7.8  sdlog 0.80  ICC 0.88  out  98%  R2 -0.53
    oss20md   acc  61.5%  0.0781c  p90/p10   32.6  sdlog 1.30  ICC 0.92  out 100%  R2 +0.32
    dsv4f     acc  74.6%  0.1728c  p90/p10  110.6  sdlog 1.69  ICC 0.95  out 100%  R2 +0.34
    oss120md  acc  62.6%  0.2715c  p90/p10   20.4  sdlog 1.12  ICC 0.97  out  99%  R2 +0.25
    oss120hi  acc  69.3%  1.0318c  p90/p10   42.0  sdlog 1.42  ICC 0.97  out 100%  R2 +0.45
  omni500_tensors [market]
    oss20lo   acc  46.1%  0.0140c  p90/p10    7.8  sdlog 0.80  ICC 0.88  out  98%  R2 -1.48
    oss20md   acc  61.5%  0.0781c  p90/p10   32.6  sdlog 1.30  ICC 0.92  out 100%  R2 -0.10
    dsv4f     acc  74.6%  0.1728c  p90/p10  110.6  sdlog 1.69  ICC 0.95  out 100%  R2 +0.09
    oss120md  acc  62.6%  0.2715c  p90/p10   20.4  sdlog 1.12  ICC 0.97  out  99%  R2 -0.20
    oss120hi  acc  69.3%  1.0318c  p90/p10   42.0  sdlog 1.42  ICC 0.97  out 100%  R2 -0.06
