/home/toolkit/PipelineRL-SWE/analysis/cost_headroom/decompose.py:76: RuntimeWarning: Mean of empty slice
  tr = idx["train"]; inp = np.nanmean(np.where(v, pt, np.nan), 2)
HEADROOM = cost saved at matched accuracy by PERFECT per-problem cost knowledge vs the paper rule; learned = the 4B-prefill head; capture = learned / headroom (test frontiers, band = accuracies all arms reach)
pool                                         band       headroom [95% CI]        learned [95% CI]  capture  reroute or/lrn
pool_v2_tensors_5rung [market]          54- 87%    46.0% [ 38.7, 51.1]    35.6% [ 27.1, 41.9]     0.77      50%/48%
pool_v2_tensors_5rung [market]          54- 87%    46.0% [ 38.7, 51.1]    32.2% [ 24.2, 39.2]     0.70      50%/49%
pool_v2_tensors_5rung [market] +overhead 0.0066c    54- 87%    46.0% [ 38.7, 51.1]    15.0% [  4.6, 23.5]     0.33      50%/49%
pool_v2_tensors_5rung [market] +overhead 0.0066c    54- 87%    46.0% [ 38.7, 51.1]    27.3% [ 18.7, 35.2]     0.59      50%/49%
cc_tensors [market]                     51- 83%    21.8% [ 13.7, 29.0]     2.0% [ -6.1,  9.0]     0.09      40%/28%
cc_tensors [market]                     51- 83%    21.8% [ 13.7, 29.0]     2.9% [ -4.7,  9.1]     0.13      40%/36%
cc_tensors [market] +overhead 0.0084c    51- 83%    21.8% [ 13.7, 29.0]   -19.9% [-30.6,-12.3]    -0.91      40%/36%
cc_tensors [market] +overhead 0.0084c    51- 83%    21.8% [ 13.7, 29.0]    -6.5% [-14.8,  0.9]    -0.30      40%/36%

per route: acc, mean cost (c), p90/p10 per-problem cost, sd log cost, ICC (between-problem share), output share, head test R2
  pool_v2_tensors_5rung [market]
    oss20lo   acc  52.7%  0.0081c  p90/p10    7.4  sdlog 0.76  ICC 0.88  out  87%  R2 +0.56
    oss20md   acc  68.5%  0.0416c  p90/p10   32.1  sdlog 1.26  ICC 0.90  out  98%  R2 +0.49
    dsv4f     acc  88.4%  0.1446c  p90/p10   89.4  sdlog 1.67  ICC 0.89  out  98%  R2 +0.47
    oss120md  acc  81.5%  0.1495c  p90/p10   18.5  sdlog 1.06  ICC 0.95  out  94%  R2 +0.55
    oss120hi  acc  88.9%  0.8236c  p90/p10   39.8  sdlog 1.35  ICC 0.96  out  99%  R2 +0.48
  pool_v2_tensors_5rung [market]
    oss20lo   acc  52.7%  0.0081c  p90/p10    7.4  sdlog 0.76  ICC 0.88  out  87%  R2 +0.71
    oss20md   acc  68.5%  0.0416c  p90/p10   32.1  sdlog 1.26  ICC 0.90  out  98%  R2 +0.61
    dsv4f     acc  88.4%  0.1446c  p90/p10   89.4  sdlog 1.67  ICC 0.89  out  98%  R2 +0.50
    oss120md  acc  81.5%  0.1495c  p90/p10   18.5  sdlog 1.06  ICC 0.95  out  94%  R2 +0.65
    oss120hi  acc  88.9%  0.8236c  p90/p10   39.8  sdlog 1.35  ICC 0.96  out  99%  R2 +0.54
  pool_v2_tensors_5rung [market] +overhead 0.0066c
    oss20lo   acc  52.7%  0.0081c  p90/p10    7.4  sdlog 0.76  ICC 0.88  out  87%  R2 +0.71
    oss20md   acc  68.5%  0.0416c  p90/p10   32.1  sdlog 1.26  ICC 0.90  out  98%  R2 +0.61
    dsv4f     acc  88.4%  0.1446c  p90/p10   89.4  sdlog 1.67  ICC 0.89  out  98%  R2 +0.50
    oss120md  acc  81.5%  0.1495c  p90/p10   18.5  sdlog 1.06  ICC 0.95  out  94%  R2 +0.65
    oss120hi  acc  88.9%  0.8236c  p90/p10   39.8  sdlog 1.35  ICC 0.96  out  99%  R2 +0.54
  pool_v2_tensors_5rung [market] +overhead 0.0066c
    oss20lo   acc  52.7%  0.0081c  p90/p10    7.4  sdlog 0.76  ICC 0.88  out  87%  R2 +0.71
    oss20md   acc  68.5%  0.0416c  p90/p10   32.1  sdlog 1.26  ICC 0.90  out  98%  R2 +0.61
    dsv4f     acc  88.4%  0.1446c  p90/p10   89.4  sdlog 1.67  ICC 0.89  out  98%  R2 +0.50
    oss120md  acc  81.5%  0.1495c  p90/p10   18.5  sdlog 1.06  ICC 0.95  out  94%  R2 +0.65
    oss120hi  acc  88.9%  0.8236c  p90/p10   39.8  sdlog 1.35  ICC 0.96  out  99%  R2 +0.54
  cc_tensors [market]
    oss20lo   acc  51.6%  0.0092c  p90/p10    4.3  sdlog 0.56  ICC 0.81  out  88%  R2 +0.41
    oss20md   acc  72.4%  0.0534c  p90/p10   15.3  sdlog 1.02  ICC 0.88  out  98%  R2 +0.21
    dsv4f     acc  84.2%  0.1653c  p90/p10   25.9  sdlog 1.21  ICC 0.85  out  98%  R2 +0.24
    oss120md  acc  79.2%  0.1961c  p90/p10   10.6  sdlog 0.85  ICC 0.94  out  95%  R2 +0.29
    oss120hi  acc  88.0%  1.0773c  p90/p10   13.7  sdlog 1.02  ICC 0.95  out  99%  R2 +0.27
  cc_tensors [market]
    oss20lo   acc  51.6%  0.0092c  p90/p10    4.3  sdlog 0.56  ICC 0.81  out  88%  R2 +0.60
    oss20md   acc  72.4%  0.0534c  p90/p10   15.3  sdlog 1.02  ICC 0.88  out  98%  R2 +0.34
    dsv4f     acc  84.2%  0.1653c  p90/p10   25.9  sdlog 1.21  ICC 0.85  out  98%  R2 +0.35
    oss120md  acc  79.2%  0.1961c  p90/p10   10.6  sdlog 0.85  ICC 0.94  out  95%  R2 +0.40
    oss120hi  acc  88.0%  1.0773c  p90/p10   13.7  sdlog 1.02  ICC 0.95  out  99%  R2 +0.25
  cc_tensors [market] +overhead 0.0084c
    oss20lo   acc  51.6%  0.0092c  p90/p10    4.3  sdlog 0.56  ICC 0.81  out  88%  R2 +0.60
    oss20md   acc  72.4%  0.0534c  p90/p10   15.3  sdlog 1.02  ICC 0.88  out  98%  R2 +0.34
    dsv4f     acc  84.2%  0.1653c  p90/p10   25.9  sdlog 1.21  ICC 0.85  out  98%  R2 +0.35
    oss120md  acc  79.2%  0.1961c  p90/p10   10.6  sdlog 0.85  ICC 0.94  out  95%  R2 +0.40
    oss120hi  acc  88.0%  1.0773c  p90/p10   13.7  sdlog 1.02  ICC 0.95  out  99%  R2 +0.25
  cc_tensors [market] +overhead 0.0084c
    oss20lo   acc  51.6%  0.0092c  p90/p10    4.3  sdlog 0.56  ICC 0.81  out  88%  R2 +0.60
    oss20md   acc  72.4%  0.0534c  p90/p10   15.3  sdlog 1.02  ICC 0.88  out  98%  R2 +0.34
    dsv4f     acc  84.2%  0.1653c  p90/p10   25.9  sdlog 1.21  ICC 0.85  out  98%  R2 +0.35
    oss120md  acc  79.2%  0.1961c  p90/p10   10.6  sdlog 0.85  ICC 0.94  out  95%  R2 +0.40
    oss120hi  acc  88.0%  1.0773c  p90/p10   13.7  sdlog 1.02  ICC 0.95  out  99%  R2 +0.25
EVAL DONE
