HEADROOM = cost saved at matched accuracy by PERFECT per-problem cost knowledge vs the paper rule; learned = the 4B-prefill head; capture = learned / headroom (test frontiers, band = accuracies all arms reach)
pool                                         band       headroom [95% CI]        learned [95% CI]  capture  reroute or/lrn
taco_tensors_ha [market]                29- 46%    36.1% [ 25.4, 46.0]     6.2% [ -3.2, 16.1]     0.17      32%/18%
taco_tensors_ha [market]                29- 46%    36.1% [ 25.1, 46.0]     1.6% [ -8.7,  9.7]     0.04      32%/20%
taco_tensors_ha [market]                29- 46%    36.1% [ 25.4, 46.0]     4.1% [ -4.2, 13.4]     0.11      32%/20%
taco_tensors_ha [market]                29- 46%    36.1% [ 25.0, 46.1]     1.3% [-12.4, 14.4]     0.04      32%/19%
taco_tensors_ha [market]                29- 46%    36.1% [ 25.4, 46.0]     2.2% [-10.6, 14.2]     0.06      32%/24%

per route: acc, mean cost (c), p90/p10 per-problem cost, sd log cost, ICC (between-problem share), output share, head test R2
  taco_tensors_ha [market]
    scout     acc  16.3%  0.0481c  p90/p10   48.0  sdlog 1.50  ICC 0.81  out  98%  R2 -0.15
    oss20     acc  37.3%  0.0731c  p90/p10   23.9  sdlog 1.17  ICC 0.86  out  98%  R2 -0.08
    oss120    acc  46.1%  0.2521c  p90/p10    9.6  sdlog 0.87  ICC 0.91  out  96%  R2 -0.12
  taco_tensors_ha [market]
    scout     acc  16.3%  0.0481c  p90/p10   48.0  sdlog 1.50  ICC 0.81  out  98%  R2 -0.24
    oss20     acc  37.3%  0.0731c  p90/p10   23.9  sdlog 1.17  ICC 0.86  out  98%  R2 -0.12
    oss120    acc  46.1%  0.2521c  p90/p10    9.6  sdlog 0.87  ICC 0.91  out  96%  R2 -0.19
  taco_tensors_ha [market]
    scout     acc  16.3%  0.0481c  p90/p10   48.0  sdlog 1.50  ICC 0.81  out  98%  R2 -0.22
    oss20     acc  37.3%  0.0731c  p90/p10   23.9  sdlog 1.17  ICC 0.86  out  98%  R2 -0.10
    oss120    acc  46.1%  0.2521c  p90/p10    9.6  sdlog 0.87  ICC 0.91  out  96%  R2 -0.22
  taco_tensors_ha [market]
    scout     acc  16.3%  0.0481c  p90/p10   48.0  sdlog 1.50  ICC 0.81  out  98%  R2 -0.26
    oss20     acc  37.3%  0.0731c  p90/p10   23.9  sdlog 1.17  ICC 0.86  out  98%  R2 -0.35
    oss120    acc  46.1%  0.2521c  p90/p10    9.6  sdlog 0.87  ICC 0.91  out  96%  R2 -0.49
  taco_tensors_ha [market]
    scout     acc  16.3%  0.0481c  p90/p10   48.0  sdlog 1.50  ICC 0.81  out  98%  R2 -0.20
    oss20     acc  37.3%  0.0731c  p90/p10   23.9  sdlog 1.17  ICC 0.86  out  98%  R2 -0.14
    oss120    acc  46.1%  0.2521c  p90/p10    9.6  sdlog 0.87  ICC 0.91  out  96%  R2 -0.17
