per route, TEST problems, 5-fold CV R2 of log output length; shared = difficulty the probe also captures
pool / route                    probe | empirical difficulty: R2_D  shared  diff-only  probe-only | labelled: R2_D  shared  probe-only
pool_v2_tensors_5r / oss20lo     0.74 |      0.50    0.47       0.03        0.27                 |   0.59    0.58        0.16   fail/solve x0.99
pool_v2_tensors_5r / oss20md     0.73 |      0.58    0.52       0.06        0.21                 |   0.54    0.53        0.20   fail/solve x0.92
pool_v2_tensors_5r / dsv4f       0.78 |      0.50    0.49       0.02        0.29                 |   0.65    0.63        0.15   fail/solve x1.12
pool_v2_tensors_5r / oss120md    0.74 |      0.57    0.51       0.06        0.23                 |   0.56    0.55        0.19   fail/solve x0.98
pool_v2_tensors_5r / oss120hi    0.77 |      0.53    0.50       0.04        0.27                 |   0.60    0.59        0.18   fail/solve x0.83
cc_tensors / oss20lo             0.49 |      0.42    0.30       0.12        0.19                 |   0.30    0.29        0.20   fail/solve x0.95
cc_tensors / oss20md             0.42 |      0.49    0.32       0.17        0.09                 |   0.31    0.29        0.13   fail/solve x0.89
cc_tensors / dsv4f               0.47 |      0.44    0.32       0.12        0.15                 |   0.46    0.35        0.12   fail/solve x1.15
cc_tensors / oss120md            0.48 |      0.49    0.34       0.14        0.13                 |   0.40    0.32        0.16   fail/solve x1.10
cc_tensors / oss120hi            0.47 |      0.46    0.32       0.14        0.15                 |   0.47    0.36        0.11   fail/solve x1.08
taco_tensors_ha / scout          0.41 |      0.17    0.14       0.03        0.27                 |   0.13    0.13        0.28   fail/solve x1.33
taco_tensors_ha / oss20          0.42 |      0.17    0.12       0.05        0.30                 |   0.32    0.26        0.17   fail/solve x1.07
taco_tensors_ha / oss120         0.52 |      0.22    0.18       0.03        0.33                 |   0.38    0.32        0.20   fail/solve x0.93
bcb_tensors_5r / oss20lo         0.69 |      0.09    0.08       0.01        0.61                 |    fail/solve x1.04
bcb_tensors_5r / oss20md         0.63 |      0.12    0.09       0.03        0.54                 |    fail/solve x0.97
bcb_tensors_5r / dsv4f           0.37 |      0.08    0.04       0.04        0.33                 |    fail/solve x1.25
bcb_tensors_5r / oss120md        0.71 |      0.10    0.08       0.02        0.63                 |    fail/solve x0.99
bcb_tensors_5r / oss120hi        0.49 |      0.10    0.07       0.04        0.42                 |    fail/solve x1.02
omni500_tensors / oss20lo        0.83 |      0.34    0.34       0.00        0.49                 |   0.59    0.58        0.24   fail/solve x1.03
omni500_tensors / oss20md        0.78 |      0.54    0.48       0.05        0.29                 |   0.55    0.56        0.21   fail/solve x1.25
omni500_tensors / dsv4f          0.76 |      0.59    0.53       0.06        0.23                 |   0.53    0.54        0.21   fail/solve x1.89
omni500_tensors / oss120md       0.75 |      0.49    0.46       0.03        0.29                 |   0.55    0.56        0.19   fail/solve x1.13
omni500_tensors / oss120hi       0.77 |      0.58    0.51       0.07        0.26                 |   0.58    0.58        0.19   fail/solve x1.08
